2025-12-18T08:43:33.3301716Z Current runner version: '2.330.0'
2025-12-18T08:43:33.3325079Z ##[group]Runner Image Provisioner
2025-12-18T08:43:33.3325852Z Hosted Compute Agent
2025-12-18T08:43:33.3326512Z Version: 20251211.462
2025-12-18T08:43:33.3327077Z Commit: 6cbad8c2bb55d58165063d031ccabf57e2d2db61
2025-12-18T08:43:33.3327807Z Build Date: 2025-12-11T16:28:49Z
2025-12-18T08:43:33.3328512Z Worker ID: {3ceb2651-a958-4ffa-b6f4-b9f72450cca4}
2025-12-18T08:43:33.3329141Z ##[endgroup]
2025-12-18T08:43:33.3329858Z ##[group]Operating System
2025-12-18T08:43:33.3330429Z Ubuntu
2025-12-18T08:43:33.3330919Z 24.04.3
2025-12-18T08:43:33.3331356Z LTS
2025-12-18T08:43:33.3332184Z ##[endgroup]
2025-12-18T08:43:33.3332682Z ##[group]Runner Image
2025-12-18T08:43:33.3333217Z Image: ubuntu-24.04
2025-12-18T08:43:33.3333757Z Version: 20251215.174.1
2025-12-18T08:43:33.3334773Z Included Software: https://github.com/actions/runner-images/blob/ubuntu24/20251215.174/images/ubuntu/Ubuntu2404-Readme.md
2025-12-18T08:43:33.3336390Z Image Release: https://github.com/actions/runner-images/releases/tag/ubuntu24%2F20251215.174
2025-12-18T08:43:33.3337351Z ##[endgroup]
2025-12-18T08:43:33.3338441Z ##[group]GITHUB_TOKEN Permissions
2025-12-18T08:43:33.3340653Z Contents: read
2025-12-18T08:43:33.3341247Z Metadata: read
2025-12-18T08:43:33.3341783Z Packages: read
2025-12-18T08:43:33.3342298Z ##[endgroup]
2025-12-18T08:43:33.3344344Z Secret source: Actions
2025-12-18T08:43:33.3345117Z Prepare workflow directory
2025-12-18T08:43:33.3778087Z Prepare all required actions
2025-12-18T08:43:33.3816019Z Getting action download info
2025-12-18T08:43:33.8336763Z Download action repository 'actions/checkout@v4' (SHA:34e114876b0b11c390a56381ad16ebd13914f8d5)
2025-12-18T08:43:33.9368073Z Download action repository 'actions/setup-node@v4' (SHA:49933ea5288caeca8642d1e84afbd3f7d6820020)
2025-12-18T08:43:34.0297022Z Download action repository 'actions/upload-artifact@v4' (SHA:ea165f8d65b6e75b540449e92b4886f43607fa02)
2025-12-18T08:43:34.2420022Z Complete job name: E2E Tests
2025-12-18T08:43:34.2903611Z ##[group]Checking docker version
2025-12-18T08:43:34.2916736Z ##[command]/usr/bin/docker version --format '{{.Server.APIVersion}}'
2025-12-18T08:43:34.3958067Z '1.48'
2025-12-18T08:43:34.3974846Z Docker daemon API version: '1.48'
2025-12-18T08:43:34.3976075Z ##[command]/usr/bin/docker version --format '{{.Client.APIVersion}}'
2025-12-18T08:43:34.4158712Z '1.48'
2025-12-18T08:43:34.4172793Z Docker client API version: '1.48'
2025-12-18T08:43:34.4179623Z ##[endgroup]
2025-12-18T08:43:34.4184061Z ##[group]Clean up resources from previous jobs
2025-12-18T08:43:34.4190910Z ##[command]/usr/bin/docker ps --all --quiet --no-trunc --filter "label=04f19f"
2025-12-18T08:43:34.4353085Z ##[command]/usr/bin/docker network prune --force --filter "label=04f19f"
2025-12-18T08:43:34.4528214Z ##[endgroup]
2025-12-18T08:43:34.4528992Z ##[group]Create local container network
2025-12-18T08:43:34.4543140Z ##[command]/usr/bin/docker network create --label 04f19f github_network_b9a26a67f50349228796072c33857971
2025-12-18T08:43:34.5056918Z abf2803516ae52ce6eea0b6027cdbf2600bd41a86e51a847572f1ba27a38a201
2025-12-18T08:43:34.5076804Z ##[endgroup]
2025-12-18T08:43:34.5100862Z ##[group]Starting postgres service container
2025-12-18T08:43:34.5120890Z ##[command]/usr/bin/docker pull postgres:15
2025-12-18T08:43:35.5030902Z 15: Pulling from library/postgres
2025-12-18T08:43:35.7789745Z 1733a4cd5954: Pulling fs layer
2025-12-18T08:43:35.7791058Z 66fe66faf896: Pulling fs layer
2025-12-18T08:43:35.7792150Z c94f51fe9236: Pulling fs layer
2025-12-18T08:43:35.7793200Z 9602d06b4e70: Pulling fs layer
2025-12-18T08:43:35.7793944Z fab6e4443d8a: Pulling fs layer
2025-12-18T08:43:35.7794628Z f2a9e5883151: Pulling fs layer
2025-12-18T08:43:35.7795318Z 8d363c2df07a: Pulling fs layer
2025-12-18T08:43:35.7795985Z 5cdd56139991: Pulling fs layer
2025-12-18T08:43:35.7796676Z aa55ead71133: Pulling fs layer
2025-12-18T08:43:35.7797346Z 758ebfa119db: Pulling fs layer
2025-12-18T08:43:35.7798015Z 798e92f9757e: Pulling fs layer
2025-12-18T08:43:35.7799073Z ada9fa789fdc: Pulling fs layer
2025-12-18T08:43:35.7800038Z 3e738c3a66c8: Pulling fs layer
2025-12-18T08:43:35.7800748Z 687b178dca38: Pulling fs layer
2025-12-18T08:43:35.7801435Z 5cdd56139991: Waiting
2025-12-18T08:43:35.7802058Z aa55ead71133: Waiting
2025-12-18T08:43:35.7802676Z 758ebfa119db: Waiting
2025-12-18T08:43:35.7803366Z 798e92f9757e: Waiting
2025-12-18T08:43:35.7803987Z ada9fa789fdc: Waiting
2025-12-18T08:43:35.7804615Z fab6e4443d8a: Waiting
2025-12-18T08:43:35.7805276Z 3e738c3a66c8: Waiting
2025-12-18T08:43:35.7805929Z f2a9e5883151: Waiting
2025-12-18T08:43:35.7806570Z 687b178dca38: Waiting
2025-12-18T08:43:35.7807209Z 9602d06b4e70: Waiting
2025-12-18T08:43:35.7807918Z 8d363c2df07a: Waiting
2025-12-18T08:43:36.0377174Z 66fe66faf896: Verifying Checksum
2025-12-18T08:43:36.0377917Z 66fe66faf896: Download complete
2025-12-18T08:43:36.0573847Z c94f51fe9236: Verifying Checksum
2025-12-18T08:43:36.0574600Z c94f51fe9236: Download complete
2025-12-18T08:43:36.1580341Z 1733a4cd5954: Verifying Checksum
2025-12-18T08:43:36.1582397Z 1733a4cd5954: Download complete
2025-12-18T08:43:36.2967990Z 9602d06b4e70: Verifying Checksum
2025-12-18T08:43:36.2970627Z 9602d06b4e70: Download complete
2025-12-18T08:43:36.3590692Z fab6e4443d8a: Verifying Checksum
2025-12-18T08:43:36.3591754Z fab6e4443d8a: Download complete
2025-12-18T08:43:36.4554077Z f2a9e5883151: Verifying Checksum
2025-12-18T08:43:36.4556207Z f2a9e5883151: Download complete
2025-12-18T08:43:36.5380588Z 8d363c2df07a: Verifying Checksum
2025-12-18T08:43:36.5385313Z 8d363c2df07a: Download complete
2025-12-18T08:43:36.5986452Z 5cdd56139991: Verifying Checksum
2025-12-18T08:43:36.5987013Z 5cdd56139991: Download complete
2025-12-18T08:43:36.8285469Z 798e92f9757e: Verifying Checksum
2025-12-18T08:43:36.8286028Z 798e92f9757e: Download complete
2025-12-18T08:43:36.8358120Z 758ebfa119db: Verifying Checksum
2025-12-18T08:43:36.8359381Z 758ebfa119db: Download complete
2025-12-18T08:43:37.0747750Z 3e738c3a66c8: Verifying Checksum
2025-12-18T08:43:37.0748715Z 3e738c3a66c8: Download complete
2025-12-18T08:43:37.1101737Z ada9fa789fdc: Verifying Checksum
2025-12-18T08:43:37.2012276Z ada9fa789fdc: Download complete
2025-12-18T08:43:37.2012679Z 1733a4cd5954: Pull complete
2025-12-18T08:43:37.2562822Z aa55ead71133: Verifying Checksum
2025-12-18T08:43:37.2563326Z aa55ead71133: Download complete
2025-12-18T08:43:37.3320710Z 687b178dca38: Verifying Checksum
2025-12-18T08:43:37.3321142Z 687b178dca38: Download complete
2025-12-18T08:43:38.1966081Z 66fe66faf896: Pull complete
2025-12-18T08:43:38.3814039Z c94f51fe9236: Pull complete
2025-12-18T08:43:38.4254163Z 9602d06b4e70: Pull complete
2025-12-18T08:43:38.7387232Z fab6e4443d8a: Pull complete
2025-12-18T08:43:38.8450585Z f2a9e5883151: Pull complete
2025-12-18T08:43:38.8573477Z 8d363c2df07a: Pull complete
2025-12-18T08:43:38.8711797Z 5cdd56139991: Pull complete
2025-12-18T08:43:41.7986214Z aa55ead71133: Pull complete
2025-12-18T08:43:41.8189376Z 758ebfa119db: Pull complete
2025-12-18T08:43:41.8330675Z 798e92f9757e: Pull complete
2025-12-18T08:43:41.8456787Z ada9fa789fdc: Pull complete
2025-12-18T08:43:41.8610739Z 3e738c3a66c8: Pull complete
2025-12-18T08:43:41.8802607Z 687b178dca38: Pull complete
2025-12-18T08:43:41.8858897Z Digest: sha256:697ff70295146d53b702b07532fe68aaed7a5f10d04ff68edbeffd5fbacd15a5
2025-12-18T08:43:41.8876366Z Status: Downloaded newer image for postgres:15
2025-12-18T08:43:41.8888826Z docker.io/library/postgres:15
2025-12-18T08:43:41.8948939Z ##[command]/usr/bin/docker create --name 88bbf198ee1c4510ba99a85ecd5d2515_postgres15_2c2359 --label 04f19f --network github_network_b9a26a67f50349228796072c33857971 --network-alias postgres -p 5432:5432 --health-cmd pg_isready --health-interval 10s --health-timeout 5s --health-retries 5 -e "POSTGRES_USER=test" -e "POSTGRES_PASSWORD=test" -e "POSTGRES_DB=kita_poll_e2e" -e GITHUB_ACTIONS=true -e CI=true postgres:15
2025-12-18T08:43:41.9244806Z 79735ba579ad87a355caf6a9314ba741b2d111002ca2138c163583b8e4828c3b
2025-12-18T08:43:41.9269922Z ##[command]/usr/bin/docker start 79735ba579ad87a355caf6a9314ba741b2d111002ca2138c163583b8e4828c3b
2025-12-18T08:43:42.1554813Z 79735ba579ad87a355caf6a9314ba741b2d111002ca2138c163583b8e4828c3b
2025-12-18T08:43:42.1575582Z ##[command]/usr/bin/docker ps --all --filter id=79735ba579ad87a355caf6a9314ba741b2d111002ca2138c163583b8e4828c3b --filter status=running --no-trunc --format "{{.ID}} {{.Status}}"
2025-12-18T08:43:42.1702159Z 79735ba579ad87a355caf6a9314ba741b2d111002ca2138c163583b8e4828c3b Up Less than a second (health: starting)
2025-12-18T08:43:42.1727136Z ##[command]/usr/bin/docker port 79735ba579ad87a355caf6a9314ba741b2d111002ca2138c163583b8e4828c3b
2025-12-18T08:43:42.1857685Z 5432/tcp -> 0.0.0.0:5432
2025-12-18T08:43:42.1858216Z 5432/tcp -> [::]:5432
2025-12-18T08:43:42.1904722Z ##[endgroup]
2025-12-18T08:43:42.1914013Z ##[group]Waiting for all services to be ready
2025-12-18T08:43:42.1927060Z ##[command]/usr/bin/docker inspect --format="{{if .Config.Healthcheck}}{{print .State.Health.Status}}{{end}}" 79735ba579ad87a355caf6a9314ba741b2d111002ca2138c163583b8e4828c3b
2025-12-18T08:43:42.2062656Z starting
2025-12-18T08:43:42.2090234Z postgres service is starting, waiting 2 seconds before checking again.
2025-12-18T08:43:44.2087844Z ##[command]/usr/bin/docker inspect --format="{{if .Config.Healthcheck}}{{print .State.Health.Status}}{{end}}" 79735ba579ad87a355caf6a9314ba741b2d111002ca2138c163583b8e4828c3b
2025-12-18T08:43:44.2206154Z starting
2025-12-18T08:43:44.2219940Z postgres service is starting, waiting 4 seconds before checking again.
2025-12-18T08:43:48.3214806Z ##[command]/usr/bin/docker inspect --format="{{if .Config.Healthcheck}}{{print .State.Health.Status}}{{end}}" 79735ba579ad87a355caf6a9314ba741b2d111002ca2138c163583b8e4828c3b
2025-12-18T08:43:48.3336541Z starting
2025-12-18T08:43:48.3353887Z postgres service is starting, waiting 7 seconds before checking again.
2025-12-18T08:43:55.9867267Z ##[command]/usr/bin/docker inspect --format="{{if .Config.Healthcheck}}{{print .State.Health.Status}}{{end}}" 79735ba579ad87a355caf6a9314ba741b2d111002ca2138c163583b8e4828c3b
2025-12-18T08:43:55.9989573Z healthy
2025-12-18T08:43:56.0006383Z postgres service is healthy.
2025-12-18T08:43:56.0007064Z ##[endgroup]
2025-12-18T08:43:56.0255515Z ##[group]Run actions/checkout@v4
2025-12-18T08:43:56.0256049Z with:
2025-12-18T08:43:56.0256238Z   repository: manfredsteger/polly
2025-12-18T08:43:56.0256614Z   token: ***
2025-12-18T08:43:56.0256789Z   ssh-strict: true
2025-12-18T08:43:56.0256962Z   ssh-user: git
2025-12-18T08:43:56.0257146Z   persist-credentials: true
2025-12-18T08:43:56.0257345Z   clean: true
2025-12-18T08:43:56.0257525Z   sparse-checkout-cone-mode: true
2025-12-18T08:43:56.0257749Z   fetch-depth: 1
2025-12-18T08:43:56.0257924Z   fetch-tags: false
2025-12-18T08:43:56.0258095Z   show-progress: true
2025-12-18T08:43:56.0258284Z   lfs: false
2025-12-18T08:43:56.0258439Z   submodules: false
2025-12-18T08:43:56.0258622Z   set-safe-directory: true
2025-12-18T08:43:56.0258989Z env:
2025-12-18T08:43:56.0259154Z   NODE_VERSION: 20
2025-12-18T08:43:56.0259490Z   CI: true
2025-12-18T08:43:56.0259675Z ##[endgroup]
2025-12-18T08:43:56.1391223Z Syncing repository: manfredsteger/polly
2025-12-18T08:43:56.1392599Z ##[group]Getting Git version info
2025-12-18T08:43:56.1392941Z Working directory is '/home/runner/work/polly/polly'
2025-12-18T08:43:56.1393419Z [command]/usr/bin/git version
2025-12-18T08:43:56.1407835Z git version 2.52.0
2025-12-18T08:43:56.1435913Z ##[endgroup]
2025-12-18T08:43:56.1456838Z Temporarily overriding HOME='/home/runner/work/_temp/b073646f-0e40-4f43-8a46-7fdd001d4dcc' before making global git config changes
2025-12-18T08:43:56.1457589Z Adding repository directory to the temporary git global config as a safe directory
2025-12-18T08:43:56.1462624Z [command]/usr/bin/git config --global --add safe.directory /home/runner/work/polly/polly
2025-12-18T08:43:56.1505107Z Deleting the contents of '/home/runner/work/polly/polly'
2025-12-18T08:43:56.1508820Z ##[group]Initializing the repository
2025-12-18T08:43:56.1513575Z [command]/usr/bin/git init /home/runner/work/polly/polly
2025-12-18T08:43:56.1648263Z hint: Using 'master' as the name for the initial branch. This default branch name
2025-12-18T08:43:56.1649184Z hint: will change to "main" in Git 3.0. To configure the initial branch name
2025-12-18T08:43:56.1650173Z hint: to use in all of your new repositories, which will suppress this warning,
2025-12-18T08:43:56.1650543Z hint: call:
2025-12-18T08:43:56.1650717Z hint:
2025-12-18T08:43:56.1651009Z hint: 	git config --global init.defaultBranch <name>
2025-12-18T08:43:56.1651307Z hint:
2025-12-18T08:43:56.1651581Z hint: Names commonly chosen instead of 'master' are 'main', 'trunk' and
2025-12-18T08:43:56.1652236Z hint: 'development'. The just-created branch can be renamed via this command:
2025-12-18T08:43:56.1652881Z hint:
2025-12-18T08:43:56.1653203Z hint: 	git branch -m <name>
2025-12-18T08:43:56.1653441Z hint:
2025-12-18T08:43:56.1653738Z hint: Disable this message with "git config set advice.defaultBranchName false"
2025-12-18T08:43:56.1654441Z Initialized empty Git repository in /home/runner/work/polly/polly/.git/
2025-12-18T08:43:56.1665179Z [command]/usr/bin/git remote add origin https://github.com/manfredsteger/polly
2025-12-18T08:43:56.1755715Z ##[endgroup]
2025-12-18T08:43:56.1756083Z ##[group]Disabling automatic garbage collection
2025-12-18T08:43:56.1760169Z [command]/usr/bin/git config --local gc.auto 0
2025-12-18T08:43:56.1788152Z ##[endgroup]
2025-12-18T08:43:56.1788726Z ##[group]Setting up auth
2025-12-18T08:43:56.1795948Z [command]/usr/bin/git config --local --name-only --get-regexp core\.sshCommand
2025-12-18T08:43:56.1825722Z [command]/usr/bin/git submodule foreach --recursive sh -c "git config --local --name-only --get-regexp 'core\.sshCommand' && git config --local --unset-all 'core.sshCommand' || :"
2025-12-18T08:43:56.2237761Z [command]/usr/bin/git config --local --name-only --get-regexp http\.https\:\/\/github\.com\/\.extraheader
2025-12-18T08:43:56.2267926Z [command]/usr/bin/git submodule foreach --recursive sh -c "git config --local --name-only --get-regexp 'http\.https\:\/\/github\.com\/\.extraheader' && git config --local --unset-all 'http.https://github.com/.extraheader' || :"
2025-12-18T08:43:56.2490396Z [command]/usr/bin/git config --local --name-only --get-regexp ^includeIf\.gitdir:
2025-12-18T08:43:56.2521309Z [command]/usr/bin/git submodule foreach --recursive git config --local --show-origin --name-only --get-regexp remote.origin.url
2025-12-18T08:43:56.2738845Z [command]/usr/bin/git config --local http.https://github.com/.extraheader AUTHORIZATION: basic ***
2025-12-18T08:43:56.2772677Z ##[endgroup]
2025-12-18T08:43:56.2773312Z ##[group]Fetching the repository
2025-12-18T08:43:56.2781581Z [command]/usr/bin/git -c protocol.version=2 fetch --no-tags --prune --no-recurse-submodules --depth=1 origin +3404ed79ba6ca347160cd4aaa798d2a0e55bb3fe:refs/remotes/origin/main
2025-12-18T08:43:57.2723987Z From https://github.com/manfredsteger/polly
2025-12-18T08:43:57.2724885Z  * [new ref]         3404ed79ba6ca347160cd4aaa798d2a0e55bb3fe -> origin/main
2025-12-18T08:43:57.2758320Z ##[endgroup]
2025-12-18T08:43:57.2758864Z ##[group]Determining the checkout info
2025-12-18T08:43:57.2761239Z ##[endgroup]
2025-12-18T08:43:57.2767953Z [command]/usr/bin/git sparse-checkout disable
2025-12-18T08:43:57.2813010Z [command]/usr/bin/git config --local --unset-all extensions.worktreeConfig
2025-12-18T08:43:57.2840006Z ##[group]Checking out the ref
2025-12-18T08:43:57.2846309Z [command]/usr/bin/git checkout --progress --force -B main refs/remotes/origin/main
2025-12-18T08:43:57.4657361Z Switched to a new branch 'main'
2025-12-18T08:43:57.4658738Z branch 'main' set up to track 'origin/main'.
2025-12-18T08:43:57.4680303Z ##[endgroup]
2025-12-18T08:43:57.4720001Z [command]/usr/bin/git log -1 --format=%H
2025-12-18T08:43:57.4743767Z 3404ed79ba6ca347160cd4aaa798d2a0e55bb3fe
2025-12-18T08:43:57.4961143Z ##[group]Run actions/setup-node@v4
2025-12-18T08:43:57.4961401Z with:
2025-12-18T08:43:57.4961568Z   node-version: 20
2025-12-18T08:43:57.4961749Z   cache: npm
2025-12-18T08:43:57.4962099Z   always-auth: false
2025-12-18T08:43:57.4962283Z   check-latest: false
2025-12-18T08:43:57.4962583Z   token: ***
2025-12-18T08:43:57.4962743Z env:
2025-12-18T08:43:57.4962893Z   NODE_VERSION: 20
2025-12-18T08:43:57.4963071Z   CI: true
2025-12-18T08:43:57.4963219Z ##[endgroup]
2025-12-18T08:43:57.6743937Z Found in cache @ /opt/hostedtoolcache/node/20.19.6/x64
2025-12-18T08:43:57.6750796Z ##[group]Environment details
2025-12-18T08:43:58.0780414Z node: v20.19.6
2025-12-18T08:43:58.0780781Z npm: 10.8.2
2025-12-18T08:43:58.0781074Z yarn: 1.22.22
2025-12-18T08:43:58.0782396Z ##[endgroup]
2025-12-18T08:43:58.0805697Z [command]/opt/hostedtoolcache/node/20.19.6/x64/bin/npm config get cache
2025-12-18T08:43:58.2100478Z /home/runner/.npm
2025-12-18T08:43:58.5595136Z Cache hit for: node-cache-Linux-x64-npm-84b157c4208266afd3158f9990635c187db7c62d854e88170cc9eacdf7501acf
2025-12-18T08:43:59.8644151Z Received 4194304 of 111689848 (3.8%), 4.0 MBs/sec
2025-12-18T08:44:00.7538185Z Received 111689848 of 111689848 (100.0%), 56.4 MBs/sec
2025-12-18T08:44:00.7539542Z Cache Size: ~107 MB (111689848 B)
2025-12-18T08:44:00.7577740Z [command]/usr/bin/tar -xf /home/runner/work/_temp/8f783740-f68d-4081-9a82-de1016c0df7c/cache.tzst -P -C /home/runner/work/polly/polly --use-compress-program unzstd
2025-12-18T08:44:01.0685811Z Cache restored successfully
2025-12-18T08:44:01.0908509Z Cache restored from key: node-cache-Linux-x64-npm-84b157c4208266afd3158f9990635c187db7c62d854e88170cc9eacdf7501acf
2025-12-18T08:44:01.1062497Z ##[group]Run npm ci
2025-12-18T08:44:01.1062766Z [36;1mnpm ci[0m
2025-12-18T08:44:01.1109184Z shell: /usr/bin/bash -e {0}
2025-12-18T08:44:01.1109599Z env:
2025-12-18T08:44:01.1109766Z   NODE_VERSION: 20
2025-12-18T08:44:01.1109940Z   CI: true
2025-12-18T08:44:01.1110102Z ##[endgroup]
2025-12-18T08:44:02.1146053Z npm warn EBADENGINE Unsupported engine {
2025-12-18T08:44:02.1147038Z npm warn EBADENGINE   package: 'matrix-js-sdk@38.4.0',
2025-12-18T08:44:02.1147889Z npm warn EBADENGINE   required: { node: '>=22.0.0' },
2025-12-18T08:44:02.1148635Z npm warn EBADENGINE   current: { node: 'v20.19.6', npm: '10.8.2' }
2025-12-18T08:44:02.1149068Z npm warn EBADENGINE }
2025-12-18T08:44:05.0169817Z npm warn deprecated @esbuild-kit/esm-loader@2.6.5: Merged into tsx: https://tsx.is
2025-12-18T08:44:05.1583302Z npm warn deprecated @esbuild-kit/core-utils@3.3.2: Merged into tsx: https://tsx.is
2025-12-18T08:44:14.3429779Z 
2025-12-18T08:44:14.3430603Z added 752 packages, and audited 753 packages in 13s
2025-12-18T08:44:14.3431049Z 
2025-12-18T08:44:14.3431342Z 104 packages are looking for funding
2025-12-18T08:44:14.3433832Z   run `npm fund` for details
2025-12-18T08:44:14.3634024Z 
2025-12-18T08:44:14.3634928Z 4 moderate severity vulnerabilities
2025-12-18T08:44:14.3635527Z 
2025-12-18T08:44:14.3636069Z To address all issues (including breaking changes), run:
2025-12-18T08:44:14.3637051Z   npm audit fix --force
2025-12-18T08:44:14.3637637Z 
2025-12-18T08:44:14.3637922Z Run `npm audit` for details.
2025-12-18T08:44:14.4226728Z ##[group]Run npx playwright install --with-deps chromium
2025-12-18T08:44:14.4227174Z [36;1mnpx playwright install --with-deps chromium[0m
2025-12-18T08:44:14.4260654Z shell: /usr/bin/bash -e {0}
2025-12-18T08:44:14.4260876Z env:
2025-12-18T08:44:14.4261042Z   NODE_VERSION: 20
2025-12-18T08:44:14.4261221Z   CI: true
2025-12-18T08:44:14.4261378Z ##[endgroup]
2025-12-18T08:44:15.2860360Z Installing dependencies...
2025-12-18T08:44:15.2937772Z Switching to root user to install dependencies...
2025-12-18T08:44:15.3832223Z Get:1 file:/etc/apt/apt-mirrors.txt Mirrorlist [144 B]
2025-12-18T08:44:15.4152097Z Hit:2 http://azure.archive.ubuntu.com/ubuntu noble InRelease
2025-12-18T08:44:15.4153607Z Hit:6 https://packages.microsoft.com/repos/azure-cli noble InRelease
2025-12-18T08:44:15.4173256Z Get:7 https://packages.microsoft.com/ubuntu/24.04/prod noble InRelease [3600 B]
2025-12-18T08:44:15.4175258Z Get:3 http://azure.archive.ubuntu.com/ubuntu noble-updates InRelease [126 kB]
2025-12-18T08:44:15.4201719Z Get:4 http://azure.archive.ubuntu.com/ubuntu noble-backports InRelease [126 kB]
2025-12-18T08:44:15.4237058Z Get:5 http://azure.archive.ubuntu.com/ubuntu noble-security InRelease [126 kB]
2025-12-18T08:44:15.5918801Z Get:8 https://packages.microsoft.com/ubuntu/24.04/prod noble/main armhf Packages [11.4 kB]
2025-12-18T08:44:15.6038833Z Get:9 https://packages.microsoft.com/ubuntu/24.04/prod noble/main arm64 Packages [57.6 kB]
2025-12-18T08:44:15.6134593Z Get:10 https://packages.microsoft.com/ubuntu/24.04/prod noble/main amd64 Packages [76.0 kB]
2025-12-18T08:44:15.6380770Z Get:11 http://azure.archive.ubuntu.com/ubuntu noble-updates/main amd64 Packages [1685 kB]
2025-12-18T08:44:15.6470186Z Get:12 http://azure.archive.ubuntu.com/ubuntu noble-updates/main Translation-en [311 kB]
2025-12-18T08:44:15.6516091Z Get:13 http://azure.archive.ubuntu.com/ubuntu noble-updates/main amd64 Components [175 kB]
2025-12-18T08:44:15.6534293Z Get:14 http://azure.archive.ubuntu.com/ubuntu noble-updates/main amd64 c-n-f Metadata [15.8 kB]
2025-12-18T08:44:15.6571092Z Get:15 http://azure.archive.ubuntu.com/ubuntu noble-updates/universe amd64 Packages [1505 kB]
2025-12-18T08:44:15.6656987Z Get:16 http://azure.archive.ubuntu.com/ubuntu noble-updates/universe Translation-en [305 kB]
2025-12-18T08:44:15.6682560Z Get:17 http://azure.archive.ubuntu.com/ubuntu noble-updates/universe amd64 Components [378 kB]
2025-12-18T08:44:15.6718189Z Get:18 http://azure.archive.ubuntu.com/ubuntu noble-updates/universe amd64 c-n-f Metadata [31.4 kB]
2025-12-18T08:44:15.6732197Z Get:19 http://azure.archive.ubuntu.com/ubuntu noble-updates/restricted amd64 Packages [2413 kB]
2025-12-18T08:44:15.6883194Z Get:20 http://azure.archive.ubuntu.com/ubuntu noble-updates/restricted Translation-en [550 kB]
2025-12-18T08:44:15.7375059Z Get:21 http://azure.archive.ubuntu.com/ubuntu noble-updates/restricted amd64 Components [212 B]
2025-12-18T08:44:15.7391640Z Get:22 http://azure.archive.ubuntu.com/ubuntu noble-updates/restricted amd64 c-n-f Metadata [516 B]
2025-12-18T08:44:15.7401325Z Get:23 http://azure.archive.ubuntu.com/ubuntu noble-updates/multiverse amd64 Packages [30.4 kB]
2025-12-18T08:44:15.7411995Z Get:24 http://azure.archive.ubuntu.com/ubuntu noble-updates/multiverse amd64 Components [940 B]
2025-12-18T08:44:15.7433204Z Get:25 http://azure.archive.ubuntu.com/ubuntu noble-updates/multiverse amd64 c-n-f Metadata [488 B]
2025-12-18T08:44:15.7447417Z Get:26 http://azure.archive.ubuntu.com/ubuntu noble-backports/main amd64 Packages [64.0 kB]
2025-12-18T08:44:15.7458131Z Get:27 http://azure.archive.ubuntu.com/ubuntu noble-backports/main amd64 Components [7308 B]
2025-12-18T08:44:15.7520230Z Get:28 http://azure.archive.ubuntu.com/ubuntu noble-backports/main amd64 c-n-f Metadata [368 B]
2025-12-18T08:44:15.7521645Z Get:29 http://azure.archive.ubuntu.com/ubuntu noble-backports/universe amd64 Packages [34.0 kB]
2025-12-18T08:44:15.7522882Z Get:30 http://azure.archive.ubuntu.com/ubuntu noble-backports/universe Translation-en [17.7 kB]
2025-12-18T08:44:15.7524414Z Get:31 http://azure.archive.ubuntu.com/ubuntu noble-backports/universe amd64 Components [10.5 kB]
2025-12-18T08:44:15.7525730Z Get:32 http://azure.archive.ubuntu.com/ubuntu noble-backports/universe amd64 c-n-f Metadata [1444 B]
2025-12-18T08:44:15.7527006Z Get:33 http://azure.archive.ubuntu.com/ubuntu noble-backports/restricted amd64 Components [216 B]
2025-12-18T08:44:15.7530335Z Get:34 http://azure.archive.ubuntu.com/ubuntu noble-backports/multiverse amd64 Components [212 B]
2025-12-18T08:44:15.8020363Z Get:35 http://azure.archive.ubuntu.com/ubuntu noble-security/main Translation-en [225 kB]
2025-12-18T08:44:15.8042059Z Get:36 http://azure.archive.ubuntu.com/ubuntu noble-security/main amd64 Components [21.5 kB]
2025-12-18T08:44:15.8052440Z Get:37 http://azure.archive.ubuntu.com/ubuntu noble-security/main amd64 c-n-f Metadata [9504 B]
2025-12-18T08:44:15.8066498Z Get:38 http://azure.archive.ubuntu.com/ubuntu noble-security/universe amd64 Components [71.4 kB]
2025-12-18T08:44:15.8079573Z Get:39 http://azure.archive.ubuntu.com/ubuntu noble-security/restricted amd64 Components [212 B]
2025-12-18T08:44:15.8088927Z Get:40 http://azure.archive.ubuntu.com/ubuntu noble-security/multiverse amd64 Components [212 B]
2025-12-18T08:44:24.9138436Z Fetched 8393 kB in 1s (7491 kB/s)
2025-12-18T08:44:25.7301071Z Reading package lists...
2025-12-18T08:44:25.7569598Z Reading package lists...
2025-12-18T08:44:25.9707959Z Building dependency tree...
2025-12-18T08:44:25.9715276Z Reading state information...
2025-12-18T08:44:26.1640108Z libasound2t64 is already the newest version (1.2.11-1ubuntu0.1).
2025-12-18T08:44:26.1640958Z libasound2t64 set to manually installed.
2025-12-18T08:44:26.1641877Z libatk-bridge2.0-0t64 is already the newest version (2.52.0-1build1).
2025-12-18T08:44:26.1642914Z libatk-bridge2.0-0t64 set to manually installed.
2025-12-18T08:44:26.1643783Z libatk1.0-0t64 is already the newest version (2.52.0-1build1).
2025-12-18T08:44:26.1644561Z libatk1.0-0t64 set to manually installed.
2025-12-18T08:44:26.1645393Z libatspi2.0-0t64 is already the newest version (2.52.0-1build1).
2025-12-18T08:44:26.1645896Z libatspi2.0-0t64 set to manually installed.
2025-12-18T08:44:26.1646341Z libcairo2 is already the newest version (1.18.0-3build1).
2025-12-18T08:44:26.1646748Z libcairo2 set to manually installed.
2025-12-18T08:44:26.1647205Z libcups2t64 is already the newest version (2.4.7-1.2ubuntu7.9).
2025-12-18T08:44:26.1647867Z libcups2t64 set to manually installed.
2025-12-18T08:44:26.1648579Z libdbus-1-3 is already the newest version (1.14.10-4ubuntu4.1).
2025-12-18T08:44:26.1649426Z libdbus-1-3 set to manually installed.
2025-12-18T08:44:26.1650201Z libdrm2 is already the newest version (2.4.122-1~ubuntu0.24.04.2).
2025-12-18T08:44:26.1650867Z libdrm2 set to manually installed.
2025-12-18T08:44:26.1651554Z libgbm1 is already the newest version (25.0.7-0ubuntu0.24.04.2).
2025-12-18T08:44:26.1652209Z libgbm1 set to manually installed.
2025-12-18T08:44:26.1652878Z libnspr4 is already the newest version (2:4.35-1.1build1).
2025-12-18T08:44:26.1653528Z libnspr4 set to manually installed.
2025-12-18T08:44:26.1654058Z libnss3 is already the newest version (2:3.98-1build1).
2025-12-18T08:44:26.1654451Z libnss3 set to manually installed.
2025-12-18T08:44:26.1654911Z libpango-1.0-0 is already the newest version (1.52.1+ds-1build1).
2025-12-18T08:44:26.1655387Z libpango-1.0-0 set to manually installed.
2025-12-18T08:44:26.1655837Z libx11-6 is already the newest version (2:1.8.7-1build1).
2025-12-18T08:44:26.1656212Z libx11-6 set to manually installed.
2025-12-18T08:44:26.1656556Z libxcb1 is already the newest version (1.15-1ubuntu2).
2025-12-18T08:44:26.1656886Z libxcb1 set to manually installed.
2025-12-18T08:44:26.1657467Z libxcomposite1 is already the newest version (1:0.4.5-1build3).
2025-12-18T08:44:26.1658122Z libxcomposite1 set to manually installed.
2025-12-18T08:44:26.1658618Z libxdamage1 is already the newest version (1:1.1.6-1build1).
2025-12-18T08:44:26.1659010Z libxdamage1 set to manually installed.
2025-12-18T08:44:26.1659918Z libxext6 is already the newest version (2:1.3.4-1build2).
2025-12-18T08:44:26.1660272Z libxext6 set to manually installed.
2025-12-18T08:44:26.1660622Z libxfixes3 is already the newest version (1:6.0.0-2build1).
2025-12-18T08:44:26.1660970Z libxfixes3 set to manually installed.
2025-12-18T08:44:26.1661332Z libxkbcommon0 is already the newest version (1.6.0-1build1).
2025-12-18T08:44:26.1661902Z libxkbcommon0 set to manually installed.
2025-12-18T08:44:26.1662274Z libxrandr2 is already the newest version (2:1.5.2-2build1).
2025-12-18T08:44:26.1662626Z libxrandr2 set to manually installed.
2025-12-18T08:44:26.1662991Z xvfb is already the newest version (2:21.1.12-1ubuntu1.5).
2025-12-18T08:44:26.1663484Z fonts-noto-color-emoji is already the newest version (2.047-0ubuntu0.24.04.1).
2025-12-18T08:44:26.1663995Z libfontconfig1 is already the newest version (2.15.0-1.1ubuntu2).
2025-12-18T08:44:26.1664371Z libfontconfig1 set to manually installed.
2025-12-18T08:44:26.1664774Z libfreetype6 is already the newest version (2.13.2+dfsg-1build3).
2025-12-18T08:44:26.1665304Z libfreetype6 set to manually installed.
2025-12-18T08:44:26.1665686Z fonts-liberation is already the newest version (1:2.1.5-3).
2025-12-18T08:44:26.1666169Z fonts-liberation set to manually installed.
2025-12-18T08:44:26.1666541Z The following additional packages will be installed:
2025-12-18T08:44:26.1666986Z   gir1.2-glib-2.0 libglib2.0-bin libglib2.0-data xfonts-encodings xfonts-utils
2025-12-18T08:44:26.1667364Z Suggested packages:
2025-12-18T08:44:26.1667554Z   low-memory-monitor
2025-12-18T08:44:26.1667768Z Recommended packages:
2025-12-18T08:44:26.1668014Z   fonts-ipafont-mincho fonts-tlwg-loma
2025-12-18T08:44:26.1918761Z The following NEW packages will be installed:
2025-12-18T08:44:26.1919598Z   fonts-freefont-ttf fonts-ipafont-gothic fonts-tlwg-loma-otf fonts-unifont
2025-12-18T08:44:26.1926837Z   fonts-wqy-zenhei xfonts-cyrillic xfonts-encodings xfonts-scalable
2025-12-18T08:44:26.1927254Z   xfonts-utils
2025-12-18T08:44:26.1931280Z The following packages will be upgraded:
2025-12-18T08:44:26.1936958Z   gir1.2-glib-2.0 libglib2.0-0t64 libglib2.0-bin libglib2.0-data
2025-12-18T08:44:26.2111290Z 4 upgraded, 9 newly installed, 0 to remove and 64 not upgraded.
2025-12-18T08:44:26.2111982Z Need to get 23.0 MB of archives.
2025-12-18T08:44:26.2112680Z After this operation, 79.5 MB of additional disk space will be used.
2025-12-18T08:44:26.2113435Z Get:1 file:/etc/apt/apt-mirrors.txt Mirrorlist [144 B]
2025-12-18T08:44:26.3035521Z Get:2 http://azure.archive.ubuntu.com/ubuntu noble/universe amd64 fonts-ipafont-gothic all 00303-21ubuntu1 [3513 kB]
2025-12-18T08:44:26.4616814Z Get:3 http://azure.archive.ubuntu.com/ubuntu noble-updates/main amd64 libglib2.0-data all 2.80.0-6ubuntu3.5 [48.8 kB]
2025-12-18T08:44:26.5329462Z Get:4 http://azure.archive.ubuntu.com/ubuntu noble-updates/main amd64 libglib2.0-bin amd64 2.80.0-6ubuntu3.5 [97.9 kB]
2025-12-18T08:44:26.6024165Z Get:5 http://azure.archive.ubuntu.com/ubuntu noble-updates/main amd64 gir1.2-glib-2.0 amd64 2.80.0-6ubuntu3.5 [183 kB]
2025-12-18T08:44:26.6730212Z Get:6 http://azure.archive.ubuntu.com/ubuntu noble-updates/main amd64 libglib2.0-0t64 amd64 2.80.0-6ubuntu3.5 [1544 kB]
2025-12-18T08:44:26.7697148Z Get:7 http://azure.archive.ubuntu.com/ubuntu noble/main amd64 fonts-freefont-ttf all 20211204+svn4273-2 [5641 kB]
2025-12-18T08:44:26.9288904Z Get:8 http://azure.archive.ubuntu.com/ubuntu noble/universe amd64 fonts-tlwg-loma-otf all 1:0.7.3-1 [107 kB]
2025-12-18T08:44:26.9983171Z Get:9 http://azure.archive.ubuntu.com/ubuntu noble/universe amd64 fonts-unifont all 1:15.1.01-1build1 [2993 kB]
2025-12-18T08:44:27.0955784Z Get:10 http://azure.archive.ubuntu.com/ubuntu noble/universe amd64 fonts-wqy-zenhei all 0.9.45-8 [7472 kB]
2025-12-18T08:44:27.3288359Z Get:11 http://azure.archive.ubuntu.com/ubuntu noble/main amd64 xfonts-encodings all 1:1.0.5-0ubuntu2 [578 kB]
2025-12-18T08:44:27.4086098Z Get:12 http://azure.archive.ubuntu.com/ubuntu noble/main amd64 xfonts-utils amd64 1:7.7+6build3 [94.4 kB]
2025-12-18T08:44:27.4794668Z Get:13 http://azure.archive.ubuntu.com/ubuntu noble/universe amd64 xfonts-cyrillic all 1:1.0.5+nmu1 [384 kB]
2025-12-18T08:44:27.5545742Z Get:14 http://azure.archive.ubuntu.com/ubuntu noble/main amd64 xfonts-scalable all 1:1.0.3-1.3 [304 kB]
2025-12-18T08:44:27.8355185Z Fetched 23.0 MB in 1s (16.9 MB/s)
2025-12-18T08:44:27.8657628Z Selecting previously unselected package fonts-ipafont-gothic.
2025-12-18T08:44:27.9090807Z (Reading database ... 
2025-12-18T08:44:27.9091357Z (Reading database ... 5%
2025-12-18T08:44:27.9091829Z (Reading database ... 10%
2025-12-18T08:44:27.9092308Z (Reading database ... 15%
2025-12-18T08:44:27.9092754Z (Reading database ... 20%
2025-12-18T08:44:27.9093201Z (Reading database ... 25%
2025-12-18T08:44:27.9093648Z (Reading database ... 30%
2025-12-18T08:44:27.9094091Z (Reading database ... 35%
2025-12-18T08:44:27.9094536Z (Reading database ... 40%
2025-12-18T08:44:27.9094968Z (Reading database ... 45%
2025-12-18T08:44:27.9095256Z (Reading database ... 50%
2025-12-18T08:44:27.9237512Z (Reading database ... 55%
2025-12-18T08:44:28.0028603Z (Reading database ... 60%
2025-12-18T08:44:28.0662317Z (Reading database ... 65%
2025-12-18T08:44:28.1268052Z (Reading database ... 70%
2025-12-18T08:44:28.1862644Z (Reading database ... 75%
2025-12-18T08:44:28.2550097Z (Reading database ... 80%
2025-12-18T08:44:28.3413669Z (Reading database ... 85%
2025-12-18T08:44:28.4451097Z (Reading database ... 90%
2025-12-18T08:44:28.5252989Z (Reading database ... 95%
2025-12-18T08:44:28.5253459Z (Reading database ... 100%
2025-12-18T08:44:28.5254133Z (Reading database ... 217374 files and directories currently installed.)
2025-12-18T08:44:28.5299527Z Preparing to unpack .../00-fonts-ipafont-gothic_00303-21ubuntu1_all.deb ...
2025-12-18T08:44:28.5392530Z Unpacking fonts-ipafont-gothic (00303-21ubuntu1) ...
2025-12-18T08:44:28.7828609Z Preparing to unpack .../01-libglib2.0-data_2.80.0-6ubuntu3.5_all.deb ...
2025-12-18T08:44:28.7857849Z Unpacking libglib2.0-data (2.80.0-6ubuntu3.5) over (2.80.0-6ubuntu3.4) ...
2025-12-18T08:44:28.8230321Z Preparing to unpack .../02-libglib2.0-bin_2.80.0-6ubuntu3.5_amd64.deb ...
2025-12-18T08:44:28.8263452Z Unpacking libglib2.0-bin (2.80.0-6ubuntu3.5) over (2.80.0-6ubuntu3.4) ...
2025-12-18T08:44:28.8850449Z Preparing to unpack .../03-gir1.2-glib-2.0_2.80.0-6ubuntu3.5_amd64.deb ...
2025-12-18T08:44:28.8883528Z Unpacking gir1.2-glib-2.0:amd64 (2.80.0-6ubuntu3.5) over (2.80.0-6ubuntu3.4) ...
2025-12-18T08:44:28.9340089Z Preparing to unpack .../04-libglib2.0-0t64_2.80.0-6ubuntu3.5_amd64.deb ...
2025-12-18T08:44:28.9430350Z Unpacking libglib2.0-0t64:amd64 (2.80.0-6ubuntu3.5) over (2.80.0-6ubuntu3.4) ...
2025-12-18T08:44:29.0027635Z Selecting previously unselected package fonts-freefont-ttf.
2025-12-18T08:44:29.0166193Z Preparing to unpack .../05-fonts-freefont-ttf_20211204+svn4273-2_all.deb ...
2025-12-18T08:44:29.0177308Z Unpacking fonts-freefont-ttf (20211204+svn4273-2) ...
2025-12-18T08:44:29.1085082Z Selecting previously unselected package fonts-tlwg-loma-otf.
2025-12-18T08:44:29.1221395Z Preparing to unpack .../06-fonts-tlwg-loma-otf_1%3a0.7.3-1_all.deb ...
2025-12-18T08:44:29.1235463Z Unpacking fonts-tlwg-loma-otf (1:0.7.3-1) ...
2025-12-18T08:44:29.1472435Z Selecting previously unselected package fonts-unifont.
2025-12-18T08:44:29.1606542Z Preparing to unpack .../07-fonts-unifont_1%3a15.1.01-1build1_all.deb ...
2025-12-18T08:44:29.1629624Z Unpacking fonts-unifont (1:15.1.01-1build1) ...
2025-12-18T08:44:29.2863814Z Selecting previously unselected package fonts-wqy-zenhei.
2025-12-18T08:44:29.2997915Z Preparing to unpack .../08-fonts-wqy-zenhei_0.9.45-8_all.deb ...
2025-12-18T08:44:29.3105969Z Unpacking fonts-wqy-zenhei (0.9.45-8) ...
2025-12-18T08:44:29.7765138Z Selecting previously unselected package xfonts-encodings.
2025-12-18T08:44:29.7900642Z Preparing to unpack .../09-xfonts-encodings_1%3a1.0.5-0ubuntu2_all.deb ...
2025-12-18T08:44:29.7922964Z Unpacking xfonts-encodings (1:1.0.5-0ubuntu2) ...
2025-12-18T08:44:29.8233146Z Selecting previously unselected package xfonts-utils.
2025-12-18T08:44:29.8366309Z Preparing to unpack .../10-xfonts-utils_1%3a7.7+6build3_amd64.deb ...
2025-12-18T08:44:29.8376797Z Unpacking xfonts-utils (1:7.7+6build3) ...
2025-12-18T08:44:29.8799951Z Selecting previously unselected package xfonts-cyrillic.
2025-12-18T08:44:29.8934252Z Preparing to unpack .../11-xfonts-cyrillic_1%3a1.0.5+nmu1_all.deb ...
2025-12-18T08:44:29.8945111Z Unpacking xfonts-cyrillic (1:1.0.5+nmu1) ...
2025-12-18T08:44:29.9324453Z Selecting previously unselected package xfonts-scalable.
2025-12-18T08:44:29.9457438Z Preparing to unpack .../12-xfonts-scalable_1%3a1.0.3-1.3_all.deb ...
2025-12-18T08:44:29.9472292Z Unpacking xfonts-scalable (1:1.0.3-1.3) ...
2025-12-18T08:44:29.9912657Z Setting up fonts-wqy-zenhei (0.9.45-8) ...
2025-12-18T08:44:30.0051318Z Setting up fonts-freefont-ttf (20211204+svn4273-2) ...
2025-12-18T08:44:30.0086609Z Setting up libglib2.0-0t64:amd64 (2.80.0-6ubuntu3.5) ...
2025-12-18T08:44:30.0476743Z Setting up libglib2.0-data (2.80.0-6ubuntu3.5) ...
2025-12-18T08:44:30.0506590Z Setting up fonts-tlwg-loma-otf (1:0.7.3-1) ...
2025-12-18T08:44:30.0549481Z Setting up xfonts-encodings (1:1.0.5-0ubuntu2) ...
2025-12-18T08:44:30.0582995Z Setting up gir1.2-glib-2.0:amd64 (2.80.0-6ubuntu3.5) ...
2025-12-18T08:44:30.0608173Z Setting up fonts-ipafont-gothic (00303-21ubuntu1) ...
2025-12-18T08:44:30.0703141Z update-alternatives: using /usr/share/fonts/opentype/ipafont-gothic/ipag.ttf to provide /usr/share/fonts/truetype/fonts-japanese-gothic.ttf (fonts-japanese-gothic.ttf) in auto mode
2025-12-18T08:44:30.0731459Z Setting up fonts-unifont (1:15.1.01-1build1) ...
2025-12-18T08:44:30.0767476Z Setting up libglib2.0-bin (2.80.0-6ubuntu3.5) ...
2025-12-18T08:44:30.0796847Z Setting up xfonts-utils (1:7.7+6build3) ...
2025-12-18T08:44:30.0858435Z Setting up xfonts-cyrillic (1:1.0.5+nmu1) ...
2025-12-18T08:44:30.1305175Z Setting up xfonts-scalable (1:1.0.3-1.3) ...
2025-12-18T08:44:30.1645755Z Processing triggers for libc-bin (2.39-0ubuntu8.6) ...
2025-12-18T08:44:30.2079889Z Processing triggers for man-db (2.12.0-4build2) ...
2025-12-18T08:44:30.2112348Z Not building database; man-db/auto-update is not 'true'.
2025-12-18T08:44:30.2131001Z Processing triggers for fontconfig (2.15.0-1.1ubuntu2) ...
2025-12-18T08:44:31.0220590Z 
2025-12-18T08:44:31.0221206Z Running kernel seems to be up-to-date.
2025-12-18T08:44:31.0221657Z 
2025-12-18T08:44:31.0221800Z Restarting services...
2025-12-18T08:44:31.0662085Z  systemctl restart packagekit.service php8.3-fpm.service polkit.service udisks2.service
2025-12-18T08:44:31.1958505Z 
2025-12-18T08:44:31.1959522Z Service restarts being deferred:
2025-12-18T08:44:31.1960098Z  systemctl restart ModemManager.service
2025-12-18T08:44:31.1960659Z  systemctl restart networkd-dispatcher.service
2025-12-18T08:44:31.1961007Z 
2025-12-18T08:44:31.1964525Z No containers need to be restarted.
2025-12-18T08:44:31.1964863Z 
2025-12-18T08:44:31.1965182Z No user sessions are running outdated binaries.
2025-12-18T08:44:31.1965550Z 
2025-12-18T08:44:31.1966074Z No VM guests are running outdated hypervisor (qemu) binaries on this host.
2025-12-18T08:44:32.3299844Z Downloading Chromium 143.0.7499.4 (playwright build v1200) from https://cdn.playwright.dev/dbazure/download/playwright/builds/chromium/1200/chromium-linux.zip
2025-12-18T08:44:32.5825557Z |                                                                                |   0% of 164.7 MiB
2025-12-18T08:44:32.7703531Z |â– â– â– â– â– â– â– â–                                                                         |  10% of 164.7 MiB
2025-12-18T08:44:32.8618229Z |â– â– â– â– â– â– â– â– â– â– â– â– â– â– â– â–                                                                 |  20% of 164.7 MiB
2025-12-18T08:44:32.9467442Z |â– â– â– â– â– â– â– â– â– â– â– â– â– â– â– â– â– â– â– â– â– â– â– â–                                                         |  30% of 164.7 MiB
2025-12-18T08:44:33.0310525Z |â– â– â– â– â– â– â– â– â– â– â– â– â– â– â– â– â– â– â– â– â– â– â– â– â– â– â– â– â– â– â– â–                                                 |  40% of 164.7 MiB
2025-12-18T08:44:33.1124242Z |â– â– â– â– â– â– â– â– â– â– â– â– â– â– â– â– â– â– â– â– â– â– â– â– â– â– â– â– â– â– â– â– â– â– â– â– â– â– â– â–                                         |  50% of 164.7 MiB
2025-12-18T08:44:33.2012964Z |â– â– â– â– â– â– â– â– â– â– â– â– â– â– â– â– â– â– â– â– â– â– â– â– â– â– â– â– â– â– â– â– â– â– â– â– â– â– â– â– â– â– â– â– â– â– â– â–                                 |  60% of 164.7 MiB
2025-12-18T08:44:33.2922912Z |â– â– â– â– â– â– â– â– â– â– â– â– â– â– â– â– â– â– â– â– â– â– â– â– â– â– â– â– â– â– â– â– â– â– â– â– â– â– â– â– â– â– â– â– â– â– â– â– â– â– â– â– â– â– â– â–                         |  70% of 164.7 MiB
2025-12-18T08:44:33.3777768Z |â– â– â– â– â– â– â– â– â– â– â– â– â– â– â– â– â– â– â– â– â– â– â– â– â– â– â– â– â– â– â– â– â– â– â– â– â– â– â– â– â– â– â– â– â– â– â– â– â– â– â– â– â– â– â– â– â– â– â– â– â– â– â– â–                 |  80% of 164.7 MiB
2025-12-18T08:44:33.4519140Z |â– â– â– â– â– â– â– â– â– â– â– â– â– â– â– â– â– â– â– â– â– â– â– â– â– â– â– â– â– â– â– â– â– â– â– â– â– â– â– â– â– â– â– â– â– â– â– â– â– â– â– â– â– â– â– â– â– â– â– â– â– â– â– â– â– â– â– â– â– â– â– â–         |  90% of 164.7 MiB
2025-12-18T08:44:33.5248642Z |â– â– â– â– â– â– â– â– â– â– â– â– â– â– â– â– â– â– â– â– â– â– â– â– â– â– â– â– â– â– â– â– â– â– â– â– â– â– â– â– â– â– â– â– â– â– â– â– â– â– â– â– â– â– â– â– â– â– â– â– â– â– â– â– â– â– â– â– â– â– â– â– â– â– â– â– â– â– â– â– | 100% of 164.7 MiB
2025-12-18T08:44:36.5061563Z Chromium 143.0.7499.4 (playwright build v1200) downloaded to /home/runner/.cache/ms-playwright/chromium-1200
2025-12-18T08:44:36.5065565Z Downloading FFMPEG playwright build v1011 from https://cdn.playwright.dev/dbazure/download/playwright/builds/ffmpeg/1011/ffmpeg-linux.zip
2025-12-18T08:44:37.0754123Z |                                                                                |   0% of 2.3 MiB
2025-12-18T08:44:37.0831538Z |â– â– â– â– â– â– â– â–                                                                         |  10% of 2.3 MiB
2025-12-18T08:44:37.0857983Z |â– â– â– â– â– â– â– â– â– â– â– â– â– â– â– â–                                                                 |  20% of 2.3 MiB
2025-12-18T08:44:37.0880013Z |â– â– â– â– â– â– â– â– â– â– â– â– â– â– â– â– â– â– â– â– â– â– â– â–                                                         |  30% of 2.3 MiB
2025-12-18T08:44:37.0900459Z |â– â– â– â– â– â– â– â– â– â– â– â– â– â– â– â– â– â– â– â– â– â– â– â– â– â– â– â– â– â– â– â–                                                 |  40% of 2.3 MiB
2025-12-18T08:44:37.0946709Z |â– â– â– â– â– â– â– â– â– â– â– â– â– â– â– â– â– â– â– â– â– â– â– â– â– â– â– â– â– â– â– â– â– â– â– â– â– â– â– â–                                         |  50% of 2.3 MiB
2025-12-18T08:44:37.0948590Z |â– â– â– â– â– â– â– â– â– â– â– â– â– â– â– â– â– â– â– â– â– â– â– â– â– â– â– â– â– â– â– â– â– â– â– â– â– â– â– â– â– â– â– â– â– â– â– â–                                 |  60% of 2.3 MiB
2025-12-18T08:44:37.0980517Z |â– â– â– â– â– â– â– â– â– â– â– â– â– â– â– â– â– â– â– â– â– â– â– â– â– â– â– â– â– â– â– â– â– â– â– â– â– â– â– â– â– â– â– â– â– â– â– â– â– â– â– â– â– â– â– â–                         |  70% of 2.3 MiB
2025-12-18T08:44:37.1003314Z |â– â– â– â– â– â– â– â– â– â– â– â– â– â– â– â– â– â– â– â– â– â– â– â– â– â– â– â– â– â– â– â– â– â– â– â– â– â– â– â– â– â– â– â– â– â– â– â– â– â– â– â– â– â– â– â– â– â– â– â– â– â– â– â–                 |  80% of 2.3 MiB
2025-12-18T08:44:37.1025128Z |â– â– â– â– â– â– â– â– â– â– â– â– â– â– â– â– â– â– â– â– â– â– â– â– â– â– â– â– â– â– â– â– â– â– â– â– â– â– â– â– â– â– â– â– â– â– â– â– â– â– â– â– â– â– â– â– â– â– â– â– â– â– â– â– â– â– â– â– â– â– â– â–         |  90% of 2.3 MiB
2025-12-18T08:44:37.1045612Z |â– â– â– â– â– â– â– â– â– â– â– â– â– â– â– â– â– â– â– â– â– â– â– â– â– â– â– â– â– â– â– â– â– â– â– â– â– â– â– â– â– â– â– â– â– â– â– â– â– â– â– â– â– â– â– â– â– â– â– â– â– â– â– â– â– â– â– â– â– â– â– â– â– â– â– â– â– â– â– â– | 100% of 2.3 MiB
2025-12-18T08:44:37.1757535Z FFMPEG playwright build v1011 downloaded to /home/runner/.cache/ms-playwright/ffmpeg-1011
2025-12-18T08:44:37.1761476Z Downloading Chromium Headless Shell 143.0.7499.4 (playwright build v1200) from https://cdn.playwright.dev/dbazure/download/playwright/builds/chromium/1200/chromium-headless-shell-linux.zip
2025-12-18T08:44:37.3787174Z |                                                                                |   0% of 109.7 MiB
2025-12-18T08:44:37.5032010Z |â– â– â– â– â– â– â– â–                                                                         |  10% of 109.7 MiB
2025-12-18T08:44:37.5748329Z |â– â– â– â– â– â– â– â– â– â– â– â– â– â– â– â–                                                                 |  20% of 109.7 MiB
2025-12-18T08:44:37.6360668Z |â– â– â– â– â– â– â– â– â– â– â– â– â– â– â– â– â– â– â– â– â– â– â– â–                                                         |  30% of 109.7 MiB
2025-12-18T08:44:37.6864550Z |â– â– â– â– â– â– â– â– â– â– â– â– â– â– â– â– â– â– â– â– â– â– â– â– â– â– â– â– â– â– â– â–                                                 |  40% of 109.7 MiB
2025-12-18T08:44:37.7360135Z |â– â– â– â– â– â– â– â– â– â– â– â– â– â– â– â– â– â– â– â– â– â– â– â– â– â– â– â– â– â– â– â– â– â– â– â– â– â– â– â–                                         |  50% of 109.7 MiB
2025-12-18T08:44:37.7853470Z |â– â– â– â– â– â– â– â– â– â– â– â– â– â– â– â– â– â– â– â– â– â– â– â– â– â– â– â– â– â– â– â– â– â– â– â– â– â– â– â– â– â– â– â– â– â– â– â–                                 |  60% of 109.7 MiB
2025-12-18T08:44:37.8402716Z |â– â– â– â– â– â– â– â– â– â– â– â– â– â– â– â– â– â– â– â– â– â– â– â– â– â– â– â– â– â– â– â– â– â– â– â– â– â– â– â– â– â– â– â– â– â– â– â– â– â– â– â– â– â– â– â–                         |  70% of 109.7 MiB
2025-12-18T08:44:37.9005655Z |â– â– â– â– â– â– â– â– â– â– â– â– â– â– â– â– â– â– â– â– â– â– â– â– â– â– â– â– â– â– â– â– â– â– â– â– â– â– â– â– â– â– â– â– â– â– â– â– â– â– â– â– â– â– â– â– â– â– â– â– â– â– â– â–                 |  80% of 109.7 MiB
2025-12-18T08:44:37.9678026Z |â– â– â– â– â– â– â– â– â– â– â– â– â– â– â– â– â– â– â– â– â– â– â– â– â– â– â– â– â– â– â– â– â– â– â– â– â– â– â– â– â– â– â– â– â– â– â– â– â– â– â– â– â– â– â– â– â– â– â– â– â– â– â– â– â– â– â– â– â– â– â– â–         |  90% of 109.7 MiB
2025-12-18T08:44:38.0214487Z |â– â– â– â– â– â– â– â– â– â– â– â– â– â– â– â– â– â– â– â– â– â– â– â– â– â– â– â– â– â– â– â– â– â– â– â– â– â– â– â– â– â– â– â– â– â– â– â– â– â– â– â– â– â– â– â– â– â– â– â– â– â– â– â– â– â– â– â– â– â– â– â– â– â– â– â– â– â– â– â– | 100% of 109.7 MiB
2025-12-18T08:44:40.1663142Z Chromium Headless Shell 143.0.7499.4 (playwright build v1200) downloaded to /home/runner/.cache/ms-playwright/chromium_headless_shell-1200
2025-12-18T08:44:40.1857084Z ##[group]Run npm run db:push
2025-12-18T08:44:40.1857372Z [36;1mnpm run db:push[0m
2025-12-18T08:44:40.1890693Z shell: /usr/bin/bash -e {0}
2025-12-18T08:44:40.1890913Z env:
2025-12-18T08:44:40.1891079Z   NODE_VERSION: 20
2025-12-18T08:44:40.1891256Z   CI: true
2025-12-18T08:44:40.1891682Z   DATABASE_URL: ***localhost:5432/kita_poll_e2e
2025-12-18T08:44:40.1891957Z ##[endgroup]
2025-12-18T08:44:40.2964907Z 
2025-12-18T08:44:40.2965473Z > rest-express@1.0.0 db:push
2025-12-18T08:44:40.2965825Z > drizzle-kit push
2025-12-18T08:44:40.2965968Z 
2025-12-18T08:44:40.4398339Z No config path provided, using default 'drizzle.config.ts'
2025-12-18T08:44:40.4402984Z Reading config file '/home/runner/work/polly/polly/drizzle.config.ts'
2025-12-18T08:44:40.6497222Z Using 'pg' driver for database querying
2025-12-18T08:44:40.7141863Z [â£·] Pulling schema from database...
2025-12-18T08:44:40.7361095Z [2K[1G[âœ“] Pulling schema from database...
2025-12-18T08:44:40.7910639Z [âœ“] Changes applied
2025-12-18T08:44:40.8084776Z ##[group]Run npx playwright test
2025-12-18T08:44:40.8085087Z [36;1mnpx playwright test[0m
2025-12-18T08:44:40.8119026Z shell: /usr/bin/bash -e {0}
2025-12-18T08:44:40.8119634Z env:
2025-12-18T08:44:40.8119820Z   NODE_VERSION: 20
2025-12-18T08:44:40.8120008Z   CI: true
2025-12-18T08:44:40.8120484Z   DATABASE_URL: ***localhost:5432/kita_poll_e2e
2025-12-18T08:44:40.8120749Z   NODE_ENV: test
2025-12-18T08:44:40.8121035Z   SESSION_SECRET: e2e-test-session-secret-minimum-32-characters-long
2025-12-18T08:44:40.8121396Z   BASE_URL: http://localhost:5000
2025-12-18T08:44:40.8121641Z ##[endgroup]
2025-12-18T08:44:43.9361297Z [WebServer] SMTP not configured. Email notifications will be disabled.
2025-12-18T08:44:44.6406442Z 
2025-12-18T08:44:44.6406987Z Running 8 tests using 1 worker
2025-12-18T08:44:44.8059630Z [WebServer] Browserslist: browsers data (caniuse-lite) is 14 months old. Please run:
2025-12-18T08:44:44.8060624Z [WebServer]   npx update-browserslist-db@latest
2025-12-18T08:44:44.8061741Z [WebServer]   Why you should do it regularly: https://github.com/browserslist/update-db#readme
2025-12-18T08:51:35.4028242Z Â·Â·Â·Ã—Ã—FÃ—Ã—TÃ—Ã—TÃ—Ã—TÃ—Ã—T
2025-12-18T08:51:35.4037724Z 
2025-12-18T08:51:35.4049859Z   1) [chromium] â€º e2e/navigation.spec.ts:33:3 â€º Navigation â€º sollte Login-Seite anzeigen kÃ¶nnen â”€â”€â”€â”€
2025-12-18T08:51:35.4052610Z 
2025-12-18T08:51:35.4053338Z     Error: [2mexpect([22m[31mlocator[39m[2m).[22mtoBeVisible[2m([22m[2m)[22m failed
2025-12-18T08:51:35.4053903Z 
2025-12-18T08:51:35.4054236Z     Locator: locator('[data-testid="input-login-email"]')
2025-12-18T08:51:35.4054799Z     Expected: visible
2025-12-18T08:51:35.4055161Z     Timeout: 10000ms
2025-12-18T08:51:35.4055581Z     Error: element(s) not found
2025-12-18T08:51:35.4055856Z 
2025-12-18T08:51:35.4056003Z     Call log:
2025-12-18T08:51:35.4057191Z     [2m  - Expect "toBeVisible" with timeout 10000ms[22m
2025-12-18T08:51:35.4058060Z     [2m  - waiting for locator('[data-testid="input-login-email"]')[22m
2025-12-18T08:51:35.4058545Z 
2025-12-18T08:51:35.4058558Z 
2025-12-18T08:51:35.4058689Z       38 |     
2025-12-18T08:51:35.4059869Z       39 |     // The login form uses data-testid="input-login-email" for the username/email field
2025-12-18T08:51:35.4061091Z     > 40 |     await expect(page.locator('[data-testid="input-login-email"]')).toBeVisible({ timeout: 10000 });
2025-12-18T08:51:35.4062032Z          |                                                                     ^
2025-12-18T08:51:35.4063023Z       41 |     await expect(page.locator('[data-testid="input-login-password"]')).toBeVisible({ timeout: 10000 });
2025-12-18T08:51:35.4063808Z       42 |   });
2025-12-18T08:51:35.4064198Z       43 | });
2025-12-18T08:51:35.4064781Z         at /home/runner/work/polly/polly/e2e/navigation.spec.ts:40:69
2025-12-18T08:51:35.4065252Z 
2025-12-18T08:51:35.4066086Z     attachment #1: screenshot (image/png) â”€â”€â”€â”€â”€â”€â”€â”€â”€â”€â”€â”€â”€â”€â”€â”€â”€â”€â”€â”€â”€â”€â”€â”€â”€â”€â”€â”€â”€â”€â”€â”€â”€â”€â”€â”€â”€â”€â”€â”€â”€â”€â”€â”€â”€â”€â”€â”€â”€â”€â”€â”€â”€â”€â”€â”€â”€â”€
2025-12-18T08:51:35.4067600Z     test-results/navigation-Navigation-sollte-Login-Seite-anzeigen-kÃ¶nnen-chromium/test-failed-1.png
2025-12-18T08:51:35.4068948Z     â”€â”€â”€â”€â”€â”€â”€â”€â”€â”€â”€â”€â”€â”€â”€â”€â”€â”€â”€â”€â”€â”€â”€â”€â”€â”€â”€â”€â”€â”€â”€â”€â”€â”€â”€â”€â”€â”€â”€â”€â”€â”€â”€â”€â”€â”€â”€â”€â”€â”€â”€â”€â”€â”€â”€â”€â”€â”€â”€â”€â”€â”€â”€â”€â”€â”€â”€â”€â”€â”€â”€â”€â”€â”€â”€â”€â”€â”€â”€â”€â”€â”€â”€â”€â”€â”€â”€â”€â”€â”€â”€â”€â”€â”€â”€â”€
2025-12-18T08:51:35.4069594Z 
2025-12-18T08:51:35.4070586Z     Error Context: test-results/navigation-Navigation-sollte-Login-Seite-anzeigen-kÃ¶nnen-chromium/error-context.md
2025-12-18T08:51:35.4071425Z 
2025-12-18T08:51:35.4072059Z     Retry #1 â”€â”€â”€â”€â”€â”€â”€â”€â”€â”€â”€â”€â”€â”€â”€â”€â”€â”€â”€â”€â”€â”€â”€â”€â”€â”€â”€â”€â”€â”€â”€â”€â”€â”€â”€â”€â”€â”€â”€â”€â”€â”€â”€â”€â”€â”€â”€â”€â”€â”€â”€â”€â”€â”€â”€â”€â”€â”€â”€â”€â”€â”€â”€â”€â”€â”€â”€â”€â”€â”€â”€â”€â”€â”€â”€â”€â”€â”€â”€â”€â”€â”€â”€â”€â”€â”€â”€
2025-12-18T08:51:35.4072493Z 
2025-12-18T08:51:35.4073142Z     Error: [2mexpect([22m[31mlocator[39m[2m).[22mtoBeVisible[2m([22m[2m)[22m failed
2025-12-18T08:51:35.4073695Z 
2025-12-18T08:51:35.4074003Z     Locator: locator('[data-testid="input-login-email"]')
2025-12-18T08:51:35.4074542Z     Expected: visible
2025-12-18T08:51:35.4074905Z     Timeout: 10000ms
2025-12-18T08:51:35.4075281Z     Error: element(s) not found
2025-12-18T08:51:35.4075532Z 
2025-12-18T08:51:35.4076014Z     Call log:
2025-12-18T08:51:35.4076597Z     [2m  - Expect "toBeVisible" with timeout 10000ms[22m
2025-12-18T08:51:35.4077363Z     [2m  - waiting for locator('[data-testid="input-login-email"]')[22m
2025-12-18T08:51:35.4077772Z 
2025-12-18T08:51:35.4077781Z 
2025-12-18T08:51:35.4077907Z       38 |     
2025-12-18T08:51:35.4078521Z       39 |     // The login form uses data-testid="input-login-email" for the username/email field
2025-12-18T08:51:35.4079785Z     > 40 |     await expect(page.locator('[data-testid="input-login-email"]')).toBeVisible({ timeout: 10000 });
2025-12-18T08:51:35.4080687Z          |                                                                     ^
2025-12-18T08:51:35.4081548Z       41 |     await expect(page.locator('[data-testid="input-login-password"]')).toBeVisible({ timeout: 10000 });
2025-12-18T08:51:35.4082509Z       42 |   });
2025-12-18T08:51:35.4082810Z       43 | });
2025-12-18T08:51:35.4083388Z         at /home/runner/work/polly/polly/e2e/navigation.spec.ts:40:69
2025-12-18T08:51:35.4083775Z 
2025-12-18T08:51:35.4084215Z     attachment #1: screenshot (image/png) â”€â”€â”€â”€â”€â”€â”€â”€â”€â”€â”€â”€â”€â”€â”€â”€â”€â”€â”€â”€â”€â”€â”€â”€â”€â”€â”€â”€â”€â”€â”€â”€â”€â”€â”€â”€â”€â”€â”€â”€â”€â”€â”€â”€â”€â”€â”€â”€â”€â”€â”€â”€â”€â”€â”€â”€â”€â”€
2025-12-18T08:51:35.4085345Z     test-results/navigation-Navigation-sollte-Login-Seite-anzeigen-kÃ¶nnen-chromium-retry1/test-failed-1.png
2025-12-18T08:51:35.4086555Z     â”€â”€â”€â”€â”€â”€â”€â”€â”€â”€â”€â”€â”€â”€â”€â”€â”€â”€â”€â”€â”€â”€â”€â”€â”€â”€â”€â”€â”€â”€â”€â”€â”€â”€â”€â”€â”€â”€â”€â”€â”€â”€â”€â”€â”€â”€â”€â”€â”€â”€â”€â”€â”€â”€â”€â”€â”€â”€â”€â”€â”€â”€â”€â”€â”€â”€â”€â”€â”€â”€â”€â”€â”€â”€â”€â”€â”€â”€â”€â”€â”€â”€â”€â”€â”€â”€â”€â”€â”€â”€â”€â”€â”€â”€â”€â”€
2025-12-18T08:51:35.4086957Z 
2025-12-18T08:51:35.4087981Z     Error Context: test-results/navigation-Navigation-sollte-Login-Seite-anzeigen-kÃ¶nnen-chromium-retry1/error-context.md
2025-12-18T08:51:35.4088864Z 
2025-12-18T08:51:35.4089815Z     attachment #3: trace (application/zip) â”€â”€â”€â”€â”€â”€â”€â”€â”€â”€â”€â”€â”€â”€â”€â”€â”€â”€â”€â”€â”€â”€â”€â”€â”€â”€â”€â”€â”€â”€â”€â”€â”€â”€â”€â”€â”€â”€â”€â”€â”€â”€â”€â”€â”€â”€â”€â”€â”€â”€â”€â”€â”€â”€â”€â”€â”€
2025-12-18T08:51:35.4091284Z     test-results/navigation-Navigation-sollte-Login-Seite-anzeigen-kÃ¶nnen-chromium-retry1/trace.zip
2025-12-18T08:51:35.4092153Z     Usage:
2025-12-18T08:51:35.4092327Z 
2025-12-18T08:51:35.4093463Z         npx playwright show-trace test-results/navigation-Navigation-sollte-Login-Seite-anzeigen-kÃ¶nnen-chromium-retry1/trace.zip
2025-12-18T08:51:35.4094394Z 
2025-12-18T08:51:35.4095006Z     â”€â”€â”€â”€â”€â”€â”€â”€â”€â”€â”€â”€â”€â”€â”€â”€â”€â”€â”€â”€â”€â”€â”€â”€â”€â”€â”€â”€â”€â”€â”€â”€â”€â”€â”€â”€â”€â”€â”€â”€â”€â”€â”€â”€â”€â”€â”€â”€â”€â”€â”€â”€â”€â”€â”€â”€â”€â”€â”€â”€â”€â”€â”€â”€â”€â”€â”€â”€â”€â”€â”€â”€â”€â”€â”€â”€â”€â”€â”€â”€â”€â”€â”€â”€â”€â”€â”€â”€â”€â”€â”€â”€â”€â”€â”€â”€
2025-12-18T08:51:35.4095405Z 
2025-12-18T08:51:35.4096054Z     Retry #2 â”€â”€â”€â”€â”€â”€â”€â”€â”€â”€â”€â”€â”€â”€â”€â”€â”€â”€â”€â”€â”€â”€â”€â”€â”€â”€â”€â”€â”€â”€â”€â”€â”€â”€â”€â”€â”€â”€â”€â”€â”€â”€â”€â”€â”€â”€â”€â”€â”€â”€â”€â”€â”€â”€â”€â”€â”€â”€â”€â”€â”€â”€â”€â”€â”€â”€â”€â”€â”€â”€â”€â”€â”€â”€â”€â”€â”€â”€â”€â”€â”€â”€â”€â”€â”€â”€â”€
2025-12-18T08:51:35.4096495Z 
2025-12-18T08:51:35.4097155Z     Error: [2mexpect([22m[31mlocator[39m[2m).[22mtoBeVisible[2m([22m[2m)[22m failed
2025-12-18T08:51:35.4097695Z 
2025-12-18T08:51:35.4098010Z     Locator: locator('[data-testid="input-login-email"]')
2025-12-18T08:51:35.4098569Z     Expected: visible
2025-12-18T08:51:35.4098927Z     Timeout: 10000ms
2025-12-18T08:51:35.4099611Z     Error: element(s) not found
2025-12-18T08:51:35.4099887Z 
2025-12-18T08:51:35.4100016Z     Call log:
2025-12-18T08:51:35.4100542Z     [2m  - Expect "toBeVisible" with timeout 10000ms[22m
2025-12-18T08:51:35.4101662Z     [2m  - waiting for locator('[data-testid="input-login-email"]')[22m
2025-12-18T08:51:35.4102165Z 
2025-12-18T08:51:35.4102175Z 
2025-12-18T08:51:35.4102313Z       38 |     
2025-12-18T08:51:35.4103000Z       39 |     // The login form uses data-testid="input-login-email" for the username/email field
2025-12-18T08:51:35.4104159Z     > 40 |     await expect(page.locator('[data-testid="input-login-email"]')).toBeVisible({ timeout: 10000 });
2025-12-18T08:51:35.4105057Z          |                                                                     ^
2025-12-18T08:51:35.4106027Z       41 |     await expect(page.locator('[data-testid="input-login-password"]')).toBeVisible({ timeout: 10000 });
2025-12-18T08:51:35.4106833Z       42 |   });
2025-12-18T08:51:35.4107188Z       43 | });
2025-12-18T08:51:35.4107794Z         at /home/runner/work/polly/polly/e2e/navigation.spec.ts:40:69
2025-12-18T08:51:35.4108374Z 
2025-12-18T08:51:35.4109147Z     attachment #1: screenshot (image/png) â”€â”€â”€â”€â”€â”€â”€â”€â”€â”€â”€â”€â”€â”€â”€â”€â”€â”€â”€â”€â”€â”€â”€â”€â”€â”€â”€â”€â”€â”€â”€â”€â”€â”€â”€â”€â”€â”€â”€â”€â”€â”€â”€â”€â”€â”€â”€â”€â”€â”€â”€â”€â”€â”€â”€â”€â”€â”€
2025-12-18T08:51:35.4110883Z     test-results/navigation-Navigation-sollte-Login-Seite-anzeigen-kÃ¶nnen-chromium-retry2/test-failed-1.png
2025-12-18T08:51:35.4112303Z     â”€â”€â”€â”€â”€â”€â”€â”€â”€â”€â”€â”€â”€â”€â”€â”€â”€â”€â”€â”€â”€â”€â”€â”€â”€â”€â”€â”€â”€â”€â”€â”€â”€â”€â”€â”€â”€â”€â”€â”€â”€â”€â”€â”€â”€â”€â”€â”€â”€â”€â”€â”€â”€â”€â”€â”€â”€â”€â”€â”€â”€â”€â”€â”€â”€â”€â”€â”€â”€â”€â”€â”€â”€â”€â”€â”€â”€â”€â”€â”€â”€â”€â”€â”€â”€â”€â”€â”€â”€â”€â”€â”€â”€â”€â”€â”€
2025-12-18T08:51:35.4112736Z 
2025-12-18T08:51:35.4113792Z     Error Context: test-results/navigation-Navigation-sollte-Login-Seite-anzeigen-kÃ¶nnen-chromium-retry2/error-context.md
2025-12-18T08:51:35.4114679Z 
2025-12-18T08:51:35.4115626Z   2) [chromium] â€º e2e/poll-creation.spec.ts:5:3 â€º Umfrage erstellen â€º sollte eine Terminumfrage erstellen kÃ¶nnen 
2025-12-18T08:51:35.4116345Z 
2025-12-18T08:51:35.4116711Z     [31mTest timeout of 30000ms exceeded.[39m
2025-12-18T08:51:35.4117054Z 
2025-12-18T08:51:35.4117376Z     Error: locator.click: Test timeout of 30000ms exceeded.
2025-12-18T08:51:35.4118257Z     Call log:
2025-12-18T08:51:35.4119572Z     [2m  - waiting for locator('[data-testid="calendar-picker"]').locator('td button:not([aria-disabled="true"])').first()[22m
2025-12-18T08:51:35.4124652Z     [2m    - locator resolved to <button disabled name="day" tabindex="-1" type="button" role="gridcell" class="rdp-button_reset rdp-button inline-flex items-center justify-center gap-2 whitespace-nowrap rounded-md text-sm ring-offset-background transition-colors focus-visible:outline-none focus-visible:ring-2 focus-visible:ring-ring focus-visible:ring-offset-2 disabled:pointer-events-none disabled:opacity-50 [&_svg]:pointer-events-none [&_svg]:size-4 [&_svg]:shrink-0 hover:bg-accent hover:text-accent-foreground h-9 w-9 p-0 font-normâ€¦>1</button>[22m
2025-12-18T08:51:35.4128090Z     [2m  - attempting click action[22m
2025-12-18T08:51:35.4128921Z     [2m    2 Ã— waiting for element to be visible, enabled and stable[22m
2025-12-18T08:51:35.4129922Z     [2m      - element is not enabled[22m
2025-12-18T08:51:35.4130554Z     [2m    - retrying click action[22m
2025-12-18T08:51:35.4131164Z     [2m    - waiting 20ms[22m
2025-12-18T08:51:35.4131916Z     [2m    2 Ã— waiting for element to be visible, enabled and stable[22m
2025-12-18T08:51:35.4132707Z     [2m      - element is not enabled[22m
2025-12-18T08:51:35.4133356Z     [2m    - retrying click action[22m
2025-12-18T08:51:35.4133971Z     [2m      - waiting 100ms[22m
2025-12-18T08:51:35.4134718Z     [2m    56 Ã— waiting for element to be visible, enabled and stable[22m
2025-12-18T08:51:35.4135453Z     [2m       - element is not enabled[22m
2025-12-18T08:51:35.4136081Z     [2m     - retrying click action[22m
2025-12-18T08:51:35.4136633Z     [2m       - waiting 500ms[22m
2025-12-18T08:51:35.4136923Z 
2025-12-18T08:51:35.4136934Z 
2025-12-18T08:51:35.4137491Z       27 |     const dayCell = calendarPicker.locator('td button:not([aria-disabled="true"])').first();
2025-12-18T08:51:35.4138454Z       28 |     await expect(dayCell).toBeVisible({ timeout: 5000 });
2025-12-18T08:51:35.4139051Z     > 29 |     await dayCell.click();
2025-12-18T08:51:35.4139980Z          |                   ^
2025-12-18T08:51:35.4140422Z       30 |     
2025-12-18T08:51:35.4140968Z       31 |     // After clicking a day, a dialog opens to add time slots
2025-12-18T08:51:35.4141718Z       32 |     // Wait for the time slot dialog inputs to appear
2025-12-18T08:51:35.4142521Z         at /home/runner/work/polly/polly/e2e/poll-creation.spec.ts:29:19
2025-12-18T08:51:35.4142971Z 
2025-12-18T08:51:35.4143649Z     attachment #1: screenshot (image/png) â”€â”€â”€â”€â”€â”€â”€â”€â”€â”€â”€â”€â”€â”€â”€â”€â”€â”€â”€â”€â”€â”€â”€â”€â”€â”€â”€â”€â”€â”€â”€â”€â”€â”€â”€â”€â”€â”€â”€â”€â”€â”€â”€â”€â”€â”€â”€â”€â”€â”€â”€â”€â”€â”€â”€â”€â”€â”€
2025-12-18T08:51:35.4145120Z     test-results/poll-creation-Umfrage-erst-58257-minumfrage-erstellen-kÃ¶nnen-chromium/test-failed-1.png
2025-12-18T08:51:35.4146496Z     â”€â”€â”€â”€â”€â”€â”€â”€â”€â”€â”€â”€â”€â”€â”€â”€â”€â”€â”€â”€â”€â”€â”€â”€â”€â”€â”€â”€â”€â”€â”€â”€â”€â”€â”€â”€â”€â”€â”€â”€â”€â”€â”€â”€â”€â”€â”€â”€â”€â”€â”€â”€â”€â”€â”€â”€â”€â”€â”€â”€â”€â”€â”€â”€â”€â”€â”€â”€â”€â”€â”€â”€â”€â”€â”€â”€â”€â”€â”€â”€â”€â”€â”€â”€â”€â”€â”€â”€â”€â”€â”€â”€â”€â”€â”€â”€
2025-12-18T08:51:35.4146910Z 
2025-12-18T08:51:35.4148208Z     Error Context: test-results/poll-creation-Umfrage-erst-58257-minumfrage-erstellen-kÃ¶nnen-chromium/error-context.md
2025-12-18T08:51:35.4149088Z 
2025-12-18T08:51:35.4149994Z     Retry #1 â”€â”€â”€â”€â”€â”€â”€â”€â”€â”€â”€â”€â”€â”€â”€â”€â”€â”€â”€â”€â”€â”€â”€â”€â”€â”€â”€â”€â”€â”€â”€â”€â”€â”€â”€â”€â”€â”€â”€â”€â”€â”€â”€â”€â”€â”€â”€â”€â”€â”€â”€â”€â”€â”€â”€â”€â”€â”€â”€â”€â”€â”€â”€â”€â”€â”€â”€â”€â”€â”€â”€â”€â”€â”€â”€â”€â”€â”€â”€â”€â”€â”€â”€â”€â”€â”€â”€
2025-12-18T08:51:35.4150433Z 
2025-12-18T08:51:35.4150801Z     [31mTest timeout of 30000ms exceeded.[39m
2025-12-18T08:51:35.4151148Z 
2025-12-18T08:51:35.4151471Z     Error: locator.click: Test timeout of 30000ms exceeded.
2025-12-18T08:51:35.4152017Z     Call log:
2025-12-18T08:51:35.4153137Z     [2m  - waiting for locator('[data-testid="calendar-picker"]').locator('td button:not([aria-disabled="true"])').first()[22m
2025-12-18T08:51:35.4158026Z     [2m    - locator resolved to <button disabled name="day" tabindex="-1" type="button" role="gridcell" class="rdp-button_reset rdp-button inline-flex items-center justify-center gap-2 whitespace-nowrap rounded-md text-sm ring-offset-background transition-colors focus-visible:outline-none focus-visible:ring-2 focus-visible:ring-ring focus-visible:ring-offset-2 disabled:pointer-events-none disabled:opacity-50 [&_svg]:pointer-events-none [&_svg]:size-4 [&_svg]:shrink-0 hover:bg-accent hover:text-accent-foreground h-9 w-9 p-0 font-normâ€¦>1</button>[22m
2025-12-18T08:51:35.4161717Z     [2m  - attempting click action[22m
2025-12-18T08:51:35.4162469Z     [2m    2 Ã— waiting for element to be visible, enabled and stable[22m
2025-12-18T08:51:35.4163250Z     [2m      - element is not enabled[22m
2025-12-18T08:51:35.4163869Z     [2m    - retrying click action[22m
2025-12-18T08:51:35.4164527Z     [2m    - waiting 20ms[22m
2025-12-18T08:51:35.4165311Z     [2m    2 Ã— waiting for element to be visible, enabled and stable[22m
2025-12-18T08:51:35.4166060Z     [2m      - element is not enabled[22m
2025-12-18T08:51:35.4166650Z     [2m    - retrying click action[22m
2025-12-18T08:51:35.4167196Z     [2m      - waiting 100ms[22m
2025-12-18T08:51:35.4167961Z     [2m    56 Ã— waiting for element to be visible, enabled and stable[22m
2025-12-18T08:51:35.4168725Z     [2m       - element is not enabled[22m
2025-12-18T08:51:35.4169743Z     [2m     - retrying click action[22m
2025-12-18T08:51:35.4170391Z     [2m       - waiting 500ms[22m
2025-12-18T08:51:35.4170689Z 
2025-12-18T08:51:35.4170701Z 
2025-12-18T08:51:35.4171259Z       27 |     const dayCell = calendarPicker.locator('td button:not([aria-disabled="true"])').first();
2025-12-18T08:51:35.4172117Z       28 |     await expect(dayCell).toBeVisible({ timeout: 5000 });
2025-12-18T08:51:35.4172719Z     > 29 |     await dayCell.click();
2025-12-18T08:51:35.4173188Z          |                   ^
2025-12-18T08:51:35.4173578Z       30 |     
2025-12-18T08:51:35.4174094Z       31 |     // After clicking a day, a dialog opens to add time slots
2025-12-18T08:51:35.4174816Z       32 |     // Wait for the time slot dialog inputs to appear
2025-12-18T08:51:35.4175595Z         at /home/runner/work/polly/polly/e2e/poll-creation.spec.ts:29:19
2025-12-18T08:51:35.4176093Z 
2025-12-18T08:51:35.4176812Z     attachment #1: screenshot (image/png) â”€â”€â”€â”€â”€â”€â”€â”€â”€â”€â”€â”€â”€â”€â”€â”€â”€â”€â”€â”€â”€â”€â”€â”€â”€â”€â”€â”€â”€â”€â”€â”€â”€â”€â”€â”€â”€â”€â”€â”€â”€â”€â”€â”€â”€â”€â”€â”€â”€â”€â”€â”€â”€â”€â”€â”€â”€â”€
2025-12-18T08:51:35.4178228Z     test-results/poll-creation-Umfrage-erst-58257-minumfrage-erstellen-kÃ¶nnen-chromium-retry1/test-failed-1.png
2025-12-18T08:51:35.4179736Z     â”€â”€â”€â”€â”€â”€â”€â”€â”€â”€â”€â”€â”€â”€â”€â”€â”€â”€â”€â”€â”€â”€â”€â”€â”€â”€â”€â”€â”€â”€â”€â”€â”€â”€â”€â”€â”€â”€â”€â”€â”€â”€â”€â”€â”€â”€â”€â”€â”€â”€â”€â”€â”€â”€â”€â”€â”€â”€â”€â”€â”€â”€â”€â”€â”€â”€â”€â”€â”€â”€â”€â”€â”€â”€â”€â”€â”€â”€â”€â”€â”€â”€â”€â”€â”€â”€â”€â”€â”€â”€â”€â”€â”€â”€â”€â”€
2025-12-18T08:51:35.4180114Z 
2025-12-18T08:51:35.4181054Z     Error Context: test-results/poll-creation-Umfrage-erst-58257-minumfrage-erstellen-kÃ¶nnen-chromium-retry1/error-context.md
2025-12-18T08:51:35.4181796Z 
2025-12-18T08:51:35.4182360Z     attachment #3: trace (application/zip) â”€â”€â”€â”€â”€â”€â”€â”€â”€â”€â”€â”€â”€â”€â”€â”€â”€â”€â”€â”€â”€â”€â”€â”€â”€â”€â”€â”€â”€â”€â”€â”€â”€â”€â”€â”€â”€â”€â”€â”€â”€â”€â”€â”€â”€â”€â”€â”€â”€â”€â”€â”€â”€â”€â”€â”€â”€
2025-12-18T08:51:35.4183497Z     test-results/poll-creation-Umfrage-erst-58257-minumfrage-erstellen-kÃ¶nnen-chromium-retry1/trace.zip
2025-12-18T08:51:35.4184200Z     Usage:
2025-12-18T08:51:35.4184332Z 
2025-12-18T08:51:35.4185206Z         npx playwright show-trace test-results/poll-creation-Umfrage-erst-58257-minumfrage-erstellen-kÃ¶nnen-chromium-retry1/trace.zip
2025-12-18T08:51:35.4186171Z 
2025-12-18T08:51:35.4186652Z     â”€â”€â”€â”€â”€â”€â”€â”€â”€â”€â”€â”€â”€â”€â”€â”€â”€â”€â”€â”€â”€â”€â”€â”€â”€â”€â”€â”€â”€â”€â”€â”€â”€â”€â”€â”€â”€â”€â”€â”€â”€â”€â”€â”€â”€â”€â”€â”€â”€â”€â”€â”€â”€â”€â”€â”€â”€â”€â”€â”€â”€â”€â”€â”€â”€â”€â”€â”€â”€â”€â”€â”€â”€â”€â”€â”€â”€â”€â”€â”€â”€â”€â”€â”€â”€â”€â”€â”€â”€â”€â”€â”€â”€â”€â”€â”€
2025-12-18T08:51:35.4186972Z 
2025-12-18T08:51:35.4187438Z     Retry #2 â”€â”€â”€â”€â”€â”€â”€â”€â”€â”€â”€â”€â”€â”€â”€â”€â”€â”€â”€â”€â”€â”€â”€â”€â”€â”€â”€â”€â”€â”€â”€â”€â”€â”€â”€â”€â”€â”€â”€â”€â”€â”€â”€â”€â”€â”€â”€â”€â”€â”€â”€â”€â”€â”€â”€â”€â”€â”€â”€â”€â”€â”€â”€â”€â”€â”€â”€â”€â”€â”€â”€â”€â”€â”€â”€â”€â”€â”€â”€â”€â”€â”€â”€â”€â”€â”€â”€
2025-12-18T08:51:35.4187774Z 
2025-12-18T08:51:35.4188021Z     [31mTest timeout of 30000ms exceeded.[39m
2025-12-18T08:51:35.4188279Z 
2025-12-18T08:51:35.4188518Z     Error: locator.click: Test timeout of 30000ms exceeded.
2025-12-18T08:51:35.4188923Z     Call log:
2025-12-18T08:51:35.4190007Z     [2m  - waiting for locator('[data-testid="calendar-picker"]').locator('td button:not([aria-disabled="true"])').first()[22m
2025-12-18T08:51:35.4192683Z     [2m    - locator resolved to <button disabled name="day" tabindex="-1" type="button" role="gridcell" class="rdp-button_reset rdp-button inline-flex items-center justify-center gap-2 whitespace-nowrap rounded-md text-sm ring-offset-background transition-colors focus-visible:outline-none focus-visible:ring-2 focus-visible:ring-ring focus-visible:ring-offset-2 disabled:pointer-events-none disabled:opacity-50 [&_svg]:pointer-events-none [&_svg]:size-4 [&_svg]:shrink-0 hover:bg-accent hover:text-accent-foreground h-9 w-9 p-0 font-normâ€¦>1</button>[22m
2025-12-18T08:51:35.4194561Z     [2m  - attempting click action[22m
2025-12-18T08:51:35.4194981Z     [2m    2 Ã— waiting for element to be visible, enabled and stable[22m
2025-12-18T08:51:35.4195368Z     [2m      - element is not enabled[22m
2025-12-18T08:51:35.4195673Z     [2m    - retrying click action[22m
2025-12-18T08:51:35.4195973Z     [2m    - waiting 20ms[22m
2025-12-18T08:51:35.4196345Z     [2m    2 Ã— waiting for element to be visible, enabled and stable[22m
2025-12-18T08:51:35.4196724Z     [2m      - element is not enabled[22m
2025-12-18T08:51:35.4197021Z     [2m    - retrying click action[22m
2025-12-18T08:51:35.4197316Z     [2m      - waiting 100ms[22m
2025-12-18T08:51:35.4197839Z     [2m    56 Ã— waiting for element to be visible, enabled and stable[22m
2025-12-18T08:51:35.4198235Z     [2m       - element is not enabled[22m
2025-12-18T08:51:35.4198544Z     [2m     - retrying click action[22m
2025-12-18T08:51:35.4198836Z     [2m       - waiting 500ms[22m
2025-12-18T08:51:35.4198988Z 
2025-12-18T08:51:35.4198995Z 
2025-12-18T08:51:35.4199553Z       27 |     const dayCell = calendarPicker.locator('td button:not([aria-disabled="true"])').first();
2025-12-18T08:51:35.4200065Z       28 |     await expect(dayCell).toBeVisible({ timeout: 5000 });
2025-12-18T08:51:35.4200390Z     > 29 |     await dayCell.click();
2025-12-18T08:51:35.4200641Z          |                   ^
2025-12-18T08:51:35.4200840Z       30 |     
2025-12-18T08:51:35.4201116Z       31 |     // After clicking a day, a dialog opens to add time slots
2025-12-18T08:51:35.4201488Z       32 |     // Wait for the time slot dialog inputs to appear
2025-12-18T08:51:35.4202045Z         at /home/runner/work/polly/polly/e2e/poll-creation.spec.ts:29:19
2025-12-18T08:51:35.4202293Z 
2025-12-18T08:51:35.4202678Z     attachment #1: screenshot (image/png) â”€â”€â”€â”€â”€â”€â”€â”€â”€â”€â”€â”€â”€â”€â”€â”€â”€â”€â”€â”€â”€â”€â”€â”€â”€â”€â”€â”€â”€â”€â”€â”€â”€â”€â”€â”€â”€â”€â”€â”€â”€â”€â”€â”€â”€â”€â”€â”€â”€â”€â”€â”€â”€â”€â”€â”€â”€â”€
2025-12-18T08:51:35.4203478Z     test-results/poll-creation-Umfrage-erst-58257-minumfrage-erstellen-kÃ¶nnen-chromium-retry2/test-failed-1.png
2025-12-18T08:51:35.4204203Z     â”€â”€â”€â”€â”€â”€â”€â”€â”€â”€â”€â”€â”€â”€â”€â”€â”€â”€â”€â”€â”€â”€â”€â”€â”€â”€â”€â”€â”€â”€â”€â”€â”€â”€â”€â”€â”€â”€â”€â”€â”€â”€â”€â”€â”€â”€â”€â”€â”€â”€â”€â”€â”€â”€â”€â”€â”€â”€â”€â”€â”€â”€â”€â”€â”€â”€â”€â”€â”€â”€â”€â”€â”€â”€â”€â”€â”€â”€â”€â”€â”€â”€â”€â”€â”€â”€â”€â”€â”€â”€â”€â”€â”€â”€â”€â”€
2025-12-18T08:51:35.4204417Z 
2025-12-18T08:51:35.4204963Z     Error Context: test-results/poll-creation-Umfrage-erst-58257-minumfrage-erstellen-kÃ¶nnen-chromium-retry2/error-context.md
2025-12-18T08:51:35.4205440Z 
2025-12-18T08:51:35.4205836Z   3) [chromium] â€º e2e/poll-creation.spec.ts:58:3 â€º Umfrage erstellen â€º sollte eine Umfrage erstellen kÃ¶nnen 
2025-12-18T08:51:35.4206177Z 
2025-12-18T08:51:35.4206346Z     [31mTest timeout of 30000ms exceeded.[39m
2025-12-18T08:51:35.4206563Z 
2025-12-18T08:51:35.4206741Z     Error: page.waitForURL: Test timeout of 30000ms exceeded.
2025-12-18T08:51:35.4207103Z     =========================== logs ===========================
2025-12-18T08:51:35.4207461Z     waiting for navigation to "**/poll-success**" until "load"
2025-12-18T08:51:35.4207840Z       navigated to "http://localhost:5000/success"
2025-12-18T08:51:35.4208153Z     ============================================================
2025-12-18T08:51:35.4208324Z 
2025-12-18T08:51:35.4208496Z       76 |     await page.click('[data-testid="button-submit"]');
2025-12-18T08:51:35.4208774Z       77 |     
2025-12-18T08:51:35.4209071Z     > 78 |     await page.waitForURL('**/poll-success**', { timeout: 30000 });
2025-12-18T08:51:35.4209615Z          |                ^
2025-12-18T08:51:35.4209815Z       79 |     
2025-12-18T08:51:35.4210173Z       80 |     await expect(page.locator('text=erfolgreich')).toBeVisible({ timeout: 10000 });
2025-12-18T08:51:35.4210529Z       81 |     
2025-12-18T08:51:35.4210835Z         at /home/runner/work/polly/polly/e2e/poll-creation.spec.ts:78:16
2025-12-18T08:51:35.4211086Z 
2025-12-18T08:51:35.4211590Z     attachment #1: screenshot (image/png) â”€â”€â”€â”€â”€â”€â”€â”€â”€â”€â”€â”€â”€â”€â”€â”€â”€â”€â”€â”€â”€â”€â”€â”€â”€â”€â”€â”€â”€â”€â”€â”€â”€â”€â”€â”€â”€â”€â”€â”€â”€â”€â”€â”€â”€â”€â”€â”€â”€â”€â”€â”€â”€â”€â”€â”€â”€â”€
2025-12-18T08:51:35.4212350Z     test-results/poll-creation-Umfrage-erst-955e8-ne-Umfrage-erstellen-kÃ¶nnen-chromium/test-failed-1.png
2025-12-18T08:51:35.4213038Z     â”€â”€â”€â”€â”€â”€â”€â”€â”€â”€â”€â”€â”€â”€â”€â”€â”€â”€â”€â”€â”€â”€â”€â”€â”€â”€â”€â”€â”€â”€â”€â”€â”€â”€â”€â”€â”€â”€â”€â”€â”€â”€â”€â”€â”€â”€â”€â”€â”€â”€â”€â”€â”€â”€â”€â”€â”€â”€â”€â”€â”€â”€â”€â”€â”€â”€â”€â”€â”€â”€â”€â”€â”€â”€â”€â”€â”€â”€â”€â”€â”€â”€â”€â”€â”€â”€â”€â”€â”€â”€â”€â”€â”€â”€â”€â”€
2025-12-18T08:51:35.4213248Z 
2025-12-18T08:51:35.4213762Z     Error Context: test-results/poll-creation-Umfrage-erst-955e8-ne-Umfrage-erstellen-kÃ¶nnen-chromium/error-context.md
2025-12-18T08:51:35.4214202Z 
2025-12-18T08:51:35.4214499Z     Retry #1 â”€â”€â”€â”€â”€â”€â”€â”€â”€â”€â”€â”€â”€â”€â”€â”€â”€â”€â”€â”€â”€â”€â”€â”€â”€â”€â”€â”€â”€â”€â”€â”€â”€â”€â”€â”€â”€â”€â”€â”€â”€â”€â”€â”€â”€â”€â”€â”€â”€â”€â”€â”€â”€â”€â”€â”€â”€â”€â”€â”€â”€â”€â”€â”€â”€â”€â”€â”€â”€â”€â”€â”€â”€â”€â”€â”€â”€â”€â”€â”€â”€â”€â”€â”€â”€â”€â”€
2025-12-18T08:51:35.4214726Z 
2025-12-18T08:51:35.4214888Z     [31mTest timeout of 30000ms exceeded.[39m
2025-12-18T08:51:35.4215067Z 
2025-12-18T08:51:35.4215399Z     Error: page.waitForURL: Test timeout of 30000ms exceeded.
2025-12-18T08:51:35.4215742Z     =========================== logs ===========================
2025-12-18T08:51:35.4216100Z     waiting for navigation to "**/poll-success**" until "load"
2025-12-18T08:51:35.4216460Z       navigated to "http://localhost:5000/success"
2025-12-18T08:51:35.4216761Z     ============================================================
2025-12-18T08:51:35.4216973Z 
2025-12-18T08:51:35.4217142Z       76 |     await page.click('[data-testid="button-submit"]');
2025-12-18T08:51:35.4217411Z       77 |     
2025-12-18T08:51:35.4217706Z     > 78 |     await page.waitForURL('**/poll-success**', { timeout: 30000 });
2025-12-18T08:51:35.4218016Z          |                ^
2025-12-18T08:51:35.4218208Z       79 |     
2025-12-18T08:51:35.4218552Z       80 |     await expect(page.locator('text=erfolgreich')).toBeVisible({ timeout: 10000 });
2025-12-18T08:51:35.4218896Z       81 |     
2025-12-18T08:51:35.4219370Z         at /home/runner/work/polly/polly/e2e/poll-creation.spec.ts:78:16
2025-12-18T08:51:35.4219658Z 
2025-12-18T08:51:35.4220041Z     attachment #1: screenshot (image/png) â”€â”€â”€â”€â”€â”€â”€â”€â”€â”€â”€â”€â”€â”€â”€â”€â”€â”€â”€â”€â”€â”€â”€â”€â”€â”€â”€â”€â”€â”€â”€â”€â”€â”€â”€â”€â”€â”€â”€â”€â”€â”€â”€â”€â”€â”€â”€â”€â”€â”€â”€â”€â”€â”€â”€â”€â”€â”€
2025-12-18T08:51:35.4220827Z     test-results/poll-creation-Umfrage-erst-955e8-ne-Umfrage-erstellen-kÃ¶nnen-chromium-retry1/test-failed-1.png
2025-12-18T08:51:35.4221563Z     â”€â”€â”€â”€â”€â”€â”€â”€â”€â”€â”€â”€â”€â”€â”€â”€â”€â”€â”€â”€â”€â”€â”€â”€â”€â”€â”€â”€â”€â”€â”€â”€â”€â”€â”€â”€â”€â”€â”€â”€â”€â”€â”€â”€â”€â”€â”€â”€â”€â”€â”€â”€â”€â”€â”€â”€â”€â”€â”€â”€â”€â”€â”€â”€â”€â”€â”€â”€â”€â”€â”€â”€â”€â”€â”€â”€â”€â”€â”€â”€â”€â”€â”€â”€â”€â”€â”€â”€â”€â”€â”€â”€â”€â”€â”€â”€
2025-12-18T08:51:35.4221774Z 
2025-12-18T08:51:35.4222319Z     Error Context: test-results/poll-creation-Umfrage-erst-955e8-ne-Umfrage-erstellen-kÃ¶nnen-chromium-retry1/error-context.md
2025-12-18T08:51:35.4222790Z 
2025-12-18T08:51:35.4223143Z     attachment #3: trace (application/zip) â”€â”€â”€â”€â”€â”€â”€â”€â”€â”€â”€â”€â”€â”€â”€â”€â”€â”€â”€â”€â”€â”€â”€â”€â”€â”€â”€â”€â”€â”€â”€â”€â”€â”€â”€â”€â”€â”€â”€â”€â”€â”€â”€â”€â”€â”€â”€â”€â”€â”€â”€â”€â”€â”€â”€â”€â”€
2025-12-18T08:51:35.4223868Z     test-results/poll-creation-Umfrage-erst-955e8-ne-Umfrage-erstellen-kÃ¶nnen-chromium-retry1/trace.zip
2025-12-18T08:51:35.4224329Z     Usage:
2025-12-18T08:51:35.4224448Z 
2025-12-18T08:51:35.4225144Z         npx playwright show-trace test-results/poll-creation-Umfrage-erst-955e8-ne-Umfrage-erstellen-kÃ¶nnen-chromium-retry1/trace.zip
2025-12-18T08:51:35.4225632Z 
2025-12-18T08:51:35.4225926Z     â”€â”€â”€â”€â”€â”€â”€â”€â”€â”€â”€â”€â”€â”€â”€â”€â”€â”€â”€â”€â”€â”€â”€â”€â”€â”€â”€â”€â”€â”€â”€â”€â”€â”€â”€â”€â”€â”€â”€â”€â”€â”€â”€â”€â”€â”€â”€â”€â”€â”€â”€â”€â”€â”€â”€â”€â”€â”€â”€â”€â”€â”€â”€â”€â”€â”€â”€â”€â”€â”€â”€â”€â”€â”€â”€â”€â”€â”€â”€â”€â”€â”€â”€â”€â”€â”€â”€â”€â”€â”€â”€â”€â”€â”€â”€â”€
2025-12-18T08:51:35.4226134Z 
2025-12-18T08:51:35.4226436Z     Retry #2 â”€â”€â”€â”€â”€â”€â”€â”€â”€â”€â”€â”€â”€â”€â”€â”€â”€â”€â”€â”€â”€â”€â”€â”€â”€â”€â”€â”€â”€â”€â”€â”€â”€â”€â”€â”€â”€â”€â”€â”€â”€â”€â”€â”€â”€â”€â”€â”€â”€â”€â”€â”€â”€â”€â”€â”€â”€â”€â”€â”€â”€â”€â”€â”€â”€â”€â”€â”€â”€â”€â”€â”€â”€â”€â”€â”€â”€â”€â”€â”€â”€â”€â”€â”€â”€â”€â”€
2025-12-18T08:51:35.4226657Z 
2025-12-18T08:51:35.4226829Z     [31mTest timeout of 30000ms exceeded.[39m
2025-12-18T08:51:35.4227002Z 
2025-12-18T08:51:35.4227177Z     Error: page.waitForURL: Test timeout of 30000ms exceeded.
2025-12-18T08:51:35.4227515Z     =========================== logs ===========================
2025-12-18T08:51:35.4227866Z     waiting for navigation to "**/poll-success**" until "load"
2025-12-18T08:51:35.4228225Z       navigated to "http://localhost:5000/success"
2025-12-18T08:51:35.4228542Z     ============================================================
2025-12-18T08:51:35.4228707Z 
2025-12-18T08:51:35.4228882Z       76 |     await page.click('[data-testid="button-submit"]');
2025-12-18T08:51:35.4229155Z       77 |     
2025-12-18T08:51:35.4229672Z     > 78 |     await page.waitForURL('**/poll-success**', { timeout: 30000 });
2025-12-18T08:51:35.4229988Z          |                ^
2025-12-18T08:51:35.4230177Z       79 |     
2025-12-18T08:51:35.4230515Z       80 |     await expect(page.locator('text=erfolgreich')).toBeVisible({ timeout: 10000 });
2025-12-18T08:51:35.4230861Z       81 |     
2025-12-18T08:51:35.4231164Z         at /home/runner/work/polly/polly/e2e/poll-creation.spec.ts:78:16
2025-12-18T08:51:35.4231414Z 
2025-12-18T08:51:35.4231778Z     attachment #1: screenshot (image/png) â”€â”€â”€â”€â”€â”€â”€â”€â”€â”€â”€â”€â”€â”€â”€â”€â”€â”€â”€â”€â”€â”€â”€â”€â”€â”€â”€â”€â”€â”€â”€â”€â”€â”€â”€â”€â”€â”€â”€â”€â”€â”€â”€â”€â”€â”€â”€â”€â”€â”€â”€â”€â”€â”€â”€â”€â”€â”€
2025-12-18T08:51:35.4232552Z     test-results/poll-creation-Umfrage-erst-955e8-ne-Umfrage-erstellen-kÃ¶nnen-chromium-retry2/test-failed-1.png
2025-12-18T08:51:35.4233468Z     â”€â”€â”€â”€â”€â”€â”€â”€â”€â”€â”€â”€â”€â”€â”€â”€â”€â”€â”€â”€â”€â”€â”€â”€â”€â”€â”€â”€â”€â”€â”€â”€â”€â”€â”€â”€â”€â”€â”€â”€â”€â”€â”€â”€â”€â”€â”€â”€â”€â”€â”€â”€â”€â”€â”€â”€â”€â”€â”€â”€â”€â”€â”€â”€â”€â”€â”€â”€â”€â”€â”€â”€â”€â”€â”€â”€â”€â”€â”€â”€â”€â”€â”€â”€â”€â”€â”€â”€â”€â”€â”€â”€â”€â”€â”€â”€
2025-12-18T08:51:35.4233684Z 
2025-12-18T08:51:35.4234235Z     Error Context: test-results/poll-creation-Umfrage-erst-955e8-ne-Umfrage-erstellen-kÃ¶nnen-chromium-retry2/error-context.md
2025-12-18T08:51:35.4234709Z 
2025-12-18T08:51:35.4235139Z   4) [chromium] â€º e2e/voting.spec.ts:5:3 â€º Abstimmung â€º sollte eine Umfrage erstellen und zur Abstimmung navigieren 
2025-12-18T08:51:35.4235508Z 
2025-12-18T08:51:35.4235668Z     [31mTest timeout of 30000ms exceeded.[39m
2025-12-18T08:51:35.4235845Z 
2025-12-18T08:51:35.4236012Z     Error: page.waitForURL: Test timeout of 30000ms exceeded.
2025-12-18T08:51:35.4236348Z     =========================== logs ===========================
2025-12-18T08:51:35.4236690Z     waiting for navigation to "**/poll-success**" until "load"
2025-12-18T08:51:35.4237041Z       navigated to "http://localhost:5000/success"
2025-12-18T08:51:35.4237345Z     ============================================================
2025-12-18T08:51:35.4237532Z 
2025-12-18T08:51:35.4237698Z       19 |     await page.click('[data-testid="button-submit"]');
2025-12-18T08:51:35.4237974Z       20 |     
2025-12-18T08:51:35.4238263Z     > 21 |     await page.waitForURL('**/poll-success**', { timeout: 30000 });
2025-12-18T08:51:35.4238576Z          |                ^
2025-12-18T08:51:35.4238764Z       22 |     
2025-12-18T08:51:35.4239112Z       23 |     await expect(page.locator('text=erfolgreich')).toBeVisible({ timeout: 10000 });
2025-12-18T08:51:35.4239701Z       24 |     
2025-12-18T08:51:35.4239976Z         at /home/runner/work/polly/polly/e2e/voting.spec.ts:21:16
2025-12-18T08:51:35.4240198Z 
2025-12-18T08:51:35.4240570Z     attachment #1: screenshot (image/png) â”€â”€â”€â”€â”€â”€â”€â”€â”€â”€â”€â”€â”€â”€â”€â”€â”€â”€â”€â”€â”€â”€â”€â”€â”€â”€â”€â”€â”€â”€â”€â”€â”€â”€â”€â”€â”€â”€â”€â”€â”€â”€â”€â”€â”€â”€â”€â”€â”€â”€â”€â”€â”€â”€â”€â”€â”€â”€
2025-12-18T08:51:35.4241242Z     test-results/voting-Abstimmung-sollte-e-b80f7-d-zur-Abstimmung-navigieren-chromium/test-failed-1.png
2025-12-18T08:51:35.4241951Z     â”€â”€â”€â”€â”€â”€â”€â”€â”€â”€â”€â”€â”€â”€â”€â”€â”€â”€â”€â”€â”€â”€â”€â”€â”€â”€â”€â”€â”€â”€â”€â”€â”€â”€â”€â”€â”€â”€â”€â”€â”€â”€â”€â”€â”€â”€â”€â”€â”€â”€â”€â”€â”€â”€â”€â”€â”€â”€â”€â”€â”€â”€â”€â”€â”€â”€â”€â”€â”€â”€â”€â”€â”€â”€â”€â”€â”€â”€â”€â”€â”€â”€â”€â”€â”€â”€â”€â”€â”€â”€â”€â”€â”€â”€â”€â”€
2025-12-18T08:51:35.4242161Z 
2025-12-18T08:51:35.4242727Z     Error Context: test-results/voting-Abstimmung-sollte-e-b80f7-d-zur-Abstimmung-navigieren-chromium/error-context.md
2025-12-18T08:51:35.4243180Z 
2025-12-18T08:51:35.4243487Z     Retry #1 â”€â”€â”€â”€â”€â”€â”€â”€â”€â”€â”€â”€â”€â”€â”€â”€â”€â”€â”€â”€â”€â”€â”€â”€â”€â”€â”€â”€â”€â”€â”€â”€â”€â”€â”€â”€â”€â”€â”€â”€â”€â”€â”€â”€â”€â”€â”€â”€â”€â”€â”€â”€â”€â”€â”€â”€â”€â”€â”€â”€â”€â”€â”€â”€â”€â”€â”€â”€â”€â”€â”€â”€â”€â”€â”€â”€â”€â”€â”€â”€â”€â”€â”€â”€â”€â”€â”€
2025-12-18T08:51:35.4243715Z 
2025-12-18T08:51:35.4243883Z     [31mTest timeout of 30000ms exceeded.[39m
2025-12-18T08:51:35.4244056Z 
2025-12-18T08:51:35.4244221Z     Error: page.waitForURL: Test timeout of 30000ms exceeded.
2025-12-18T08:51:35.4244553Z     =========================== logs ===========================
2025-12-18T08:51:35.4244896Z     waiting for navigation to "**/poll-success**" until "load"
2025-12-18T08:51:35.4245246Z       navigated to "http://localhost:5000/success"
2025-12-18T08:51:35.4245544Z     ============================================================
2025-12-18T08:51:35.4245835Z 
2025-12-18T08:51:35.4245995Z       19 |     await page.click('[data-testid="button-submit"]');
2025-12-18T08:51:35.4246265Z       20 |     
2025-12-18T08:51:35.4246565Z     > 21 |     await page.waitForURL('**/poll-success**', { timeout: 30000 });
2025-12-18T08:51:35.4246875Z          |                ^
2025-12-18T08:51:35.4247059Z       22 |     
2025-12-18T08:51:35.4247407Z       23 |     await expect(page.locator('text=erfolgreich')).toBeVisible({ timeout: 10000 });
2025-12-18T08:51:35.4247753Z       24 |     
2025-12-18T08:51:35.4248022Z         at /home/runner/work/polly/polly/e2e/voting.spec.ts:21:16
2025-12-18T08:51:35.4248236Z 
2025-12-18T08:51:35.4248598Z     attachment #1: screenshot (image/png) â”€â”€â”€â”€â”€â”€â”€â”€â”€â”€â”€â”€â”€â”€â”€â”€â”€â”€â”€â”€â”€â”€â”€â”€â”€â”€â”€â”€â”€â”€â”€â”€â”€â”€â”€â”€â”€â”€â”€â”€â”€â”€â”€â”€â”€â”€â”€â”€â”€â”€â”€â”€â”€â”€â”€â”€â”€â”€
2025-12-18T08:51:35.4249534Z     test-results/voting-Abstimmung-sollte-e-b80f7-d-zur-Abstimmung-navigieren-chromium-retry1/test-failed-1.png
2025-12-18T08:51:35.4250277Z     â”€â”€â”€â”€â”€â”€â”€â”€â”€â”€â”€â”€â”€â”€â”€â”€â”€â”€â”€â”€â”€â”€â”€â”€â”€â”€â”€â”€â”€â”€â”€â”€â”€â”€â”€â”€â”€â”€â”€â”€â”€â”€â”€â”€â”€â”€â”€â”€â”€â”€â”€â”€â”€â”€â”€â”€â”€â”€â”€â”€â”€â”€â”€â”€â”€â”€â”€â”€â”€â”€â”€â”€â”€â”€â”€â”€â”€â”€â”€â”€â”€â”€â”€â”€â”€â”€â”€â”€â”€â”€â”€â”€â”€â”€â”€â”€
2025-12-18T08:51:35.4250508Z 
2025-12-18T08:51:35.4250984Z     Error Context: test-results/voting-Abstimmung-sollte-e-b80f7-d-zur-Abstimmung-navigieren-chromium-retry1/error-context.md
2025-12-18T08:51:35.4251468Z 
2025-12-18T08:51:35.4251821Z     attachment #3: trace (application/zip) â”€â”€â”€â”€â”€â”€â”€â”€â”€â”€â”€â”€â”€â”€â”€â”€â”€â”€â”€â”€â”€â”€â”€â”€â”€â”€â”€â”€â”€â”€â”€â”€â”€â”€â”€â”€â”€â”€â”€â”€â”€â”€â”€â”€â”€â”€â”€â”€â”€â”€â”€â”€â”€â”€â”€â”€â”€
2025-12-18T08:51:35.4252484Z     test-results/voting-Abstimmung-sollte-e-b80f7-d-zur-Abstimmung-navigieren-chromium-retry1/trace.zip
2025-12-18T08:51:35.4252959Z     Usage:
2025-12-18T08:51:35.4253053Z 
2025-12-18T08:51:35.4253536Z         npx playwright show-trace test-results/voting-Abstimmung-sollte-e-b80f7-d-zur-Abstimmung-navigieren-chromium-retry1/trace.zip
2025-12-18T08:51:35.4254026Z 
2025-12-18T08:51:35.4254319Z     â”€â”€â”€â”€â”€â”€â”€â”€â”€â”€â”€â”€â”€â”€â”€â”€â”€â”€â”€â”€â”€â”€â”€â”€â”€â”€â”€â”€â”€â”€â”€â”€â”€â”€â”€â”€â”€â”€â”€â”€â”€â”€â”€â”€â”€â”€â”€â”€â”€â”€â”€â”€â”€â”€â”€â”€â”€â”€â”€â”€â”€â”€â”€â”€â”€â”€â”€â”€â”€â”€â”€â”€â”€â”€â”€â”€â”€â”€â”€â”€â”€â”€â”€â”€â”€â”€â”€â”€â”€â”€â”€â”€â”€â”€â”€â”€
2025-12-18T08:51:35.4254527Z 
2025-12-18T08:51:35.4254826Z     Retry #2 â”€â”€â”€â”€â”€â”€â”€â”€â”€â”€â”€â”€â”€â”€â”€â”€â”€â”€â”€â”€â”€â”€â”€â”€â”€â”€â”€â”€â”€â”€â”€â”€â”€â”€â”€â”€â”€â”€â”€â”€â”€â”€â”€â”€â”€â”€â”€â”€â”€â”€â”€â”€â”€â”€â”€â”€â”€â”€â”€â”€â”€â”€â”€â”€â”€â”€â”€â”€â”€â”€â”€â”€â”€â”€â”€â”€â”€â”€â”€â”€â”€â”€â”€â”€â”€â”€â”€
2025-12-18T08:51:35.4255065Z 
2025-12-18T08:51:35.4255228Z     [31mTest timeout of 30000ms exceeded.[39m
2025-12-18T08:51:35.4255558Z 
2025-12-18T08:51:35.4255735Z     Error: page.waitForURL: Test timeout of 30000ms exceeded.
2025-12-18T08:51:35.4256075Z     =========================== logs ===========================
2025-12-18T08:51:35.4256428Z     waiting for navigation to "**/poll-success**" until "load"
2025-12-18T08:51:35.4256784Z       navigated to "http://localhost:5000/success"
2025-12-18T08:51:35.4257096Z     ============================================================
2025-12-18T08:51:35.4257272Z 
2025-12-18T08:51:35.4257433Z       19 |     await page.click('[data-testid="button-submit"]');
2025-12-18T08:51:35.4257706Z       20 |     
2025-12-18T08:51:35.4258004Z     > 21 |     await page.waitForURL('**/poll-success**', { timeout: 30000 });
2025-12-18T08:51:35.4258313Z          |                ^
2025-12-18T08:51:35.4258504Z       22 |     
2025-12-18T08:51:35.4258977Z       23 |     await expect(page.locator('text=erfolgreich')).toBeVisible({ timeout: 10000 });
2025-12-18T08:51:35.4259492Z       24 |     
2025-12-18T08:51:35.4259777Z         at /home/runner/work/polly/polly/e2e/voting.spec.ts:21:16
2025-12-18T08:51:35.4259995Z 
2025-12-18T08:51:35.4260371Z     attachment #1: screenshot (image/png) â”€â”€â”€â”€â”€â”€â”€â”€â”€â”€â”€â”€â”€â”€â”€â”€â”€â”€â”€â”€â”€â”€â”€â”€â”€â”€â”€â”€â”€â”€â”€â”€â”€â”€â”€â”€â”€â”€â”€â”€â”€â”€â”€â”€â”€â”€â”€â”€â”€â”€â”€â”€â”€â”€â”€â”€â”€â”€
2025-12-18T08:51:35.4261089Z     test-results/voting-Abstimmung-sollte-e-b80f7-d-zur-Abstimmung-navigieren-chromium-retry2/test-failed-1.png
2025-12-18T08:51:35.4261824Z     â”€â”€â”€â”€â”€â”€â”€â”€â”€â”€â”€â”€â”€â”€â”€â”€â”€â”€â”€â”€â”€â”€â”€â”€â”€â”€â”€â”€â”€â”€â”€â”€â”€â”€â”€â”€â”€â”€â”€â”€â”€â”€â”€â”€â”€â”€â”€â”€â”€â”€â”€â”€â”€â”€â”€â”€â”€â”€â”€â”€â”€â”€â”€â”€â”€â”€â”€â”€â”€â”€â”€â”€â”€â”€â”€â”€â”€â”€â”€â”€â”€â”€â”€â”€â”€â”€â”€â”€â”€â”€â”€â”€â”€â”€â”€â”€
2025-12-18T08:51:35.4262037Z 
2025-12-18T08:51:35.4262499Z     Error Context: test-results/voting-Abstimmung-sollte-e-b80f7-d-zur-Abstimmung-navigieren-chromium-retry2/error-context.md
2025-12-18T08:51:35.4262982Z 
2025-12-18T08:51:35.4263347Z   5) [chromium] â€º e2e/voting.spec.ts:34:3 â€º Abstimmung â€º sollte zur Admin-Ansicht navigieren kÃ¶nnen 
2025-12-18T08:51:35.4263673Z 
2025-12-18T08:51:35.4263841Z     [31mTest timeout of 30000ms exceeded.[39m
2025-12-18T08:51:35.4264018Z 
2025-12-18T08:51:35.4264242Z     Error: page.waitForURL: Test timeout of 30000ms exceeded.
2025-12-18T08:51:35.4264579Z     =========================== logs ===========================
2025-12-18T08:51:35.4264924Z     waiting for navigation to "**/poll-success**" until "load"
2025-12-18T08:51:35.4265279Z       navigated to "http://localhost:5000/success"
2025-12-18T08:51:35.4265580Z     ============================================================
2025-12-18T08:51:35.4265744Z 
2025-12-18T08:51:35.4265908Z       48 |     await page.click('[data-testid="button-submit"]');
2025-12-18T08:51:35.4266175Z       49 |     
2025-12-18T08:51:35.4266470Z     > 50 |     await page.waitForURL('**/poll-success**', { timeout: 30000 });
2025-12-18T08:51:35.4266778Z          |                ^
2025-12-18T08:51:35.4266966Z       51 |     
2025-12-18T08:51:35.4267304Z       52 |     await expect(page.locator('text=erfolgreich')).toBeVisible({ timeout: 10000 });
2025-12-18T08:51:35.4267664Z       53 |     
2025-12-18T08:51:35.4268070Z         at /home/runner/work/polly/polly/e2e/voting.spec.ts:50:16
2025-12-18T08:51:35.4268492Z 
2025-12-18T08:51:35.4269376Z     attachment #1: screenshot (image/png) â”€â”€â”€â”€â”€â”€â”€â”€â”€â”€â”€â”€â”€â”€â”€â”€â”€â”€â”€â”€â”€â”€â”€â”€â”€â”€â”€â”€â”€â”€â”€â”€â”€â”€â”€â”€â”€â”€â”€â”€â”€â”€â”€â”€â”€â”€â”€â”€â”€â”€â”€â”€â”€â”€â”€â”€â”€â”€
2025-12-18T08:51:35.4270802Z     test-results/voting-Abstimmung-sollte-zur-Admin-Ansicht-navigieren-kÃ¶nnen-chromium/test-failed-1.png
2025-12-18T08:51:35.4272118Z     â”€â”€â”€â”€â”€â”€â”€â”€â”€â”€â”€â”€â”€â”€â”€â”€â”€â”€â”€â”€â”€â”€â”€â”€â”€â”€â”€â”€â”€â”€â”€â”€â”€â”€â”€â”€â”€â”€â”€â”€â”€â”€â”€â”€â”€â”€â”€â”€â”€â”€â”€â”€â”€â”€â”€â”€â”€â”€â”€â”€â”€â”€â”€â”€â”€â”€â”€â”€â”€â”€â”€â”€â”€â”€â”€â”€â”€â”€â”€â”€â”€â”€â”€â”€â”€â”€â”€â”€â”€â”€â”€â”€â”€â”€â”€â”€
2025-12-18T08:51:35.4272516Z 
2025-12-18T08:51:35.4273517Z     Error Context: test-results/voting-Abstimmung-sollte-zur-Admin-Ansicht-navigieren-kÃ¶nnen-chromium/error-context.md
2025-12-18T08:51:35.4274351Z 
2025-12-18T08:51:35.4274924Z     Retry #1 â”€â”€â”€â”€â”€â”€â”€â”€â”€â”€â”€â”€â”€â”€â”€â”€â”€â”€â”€â”€â”€â”€â”€â”€â”€â”€â”€â”€â”€â”€â”€â”€â”€â”€â”€â”€â”€â”€â”€â”€â”€â”€â”€â”€â”€â”€â”€â”€â”€â”€â”€â”€â”€â”€â”€â”€â”€â”€â”€â”€â”€â”€â”€â”€â”€â”€â”€â”€â”€â”€â”€â”€â”€â”€â”€â”€â”€â”€â”€â”€â”€â”€â”€â”€â”€â”€â”€
2025-12-18T08:51:35.4275597Z 
2025-12-18T08:51:35.4275917Z     [31mTest timeout of 30000ms exceeded.[39m
2025-12-18T08:51:35.4276241Z 
2025-12-18T08:51:35.4276580Z     Error: page.waitForURL: Test timeout of 30000ms exceeded.
2025-12-18T08:51:35.4277195Z     =========================== logs ===========================
2025-12-18T08:51:35.4277829Z     waiting for navigation to "**/poll-success**" until "load"
2025-12-18T08:51:35.4278454Z       navigated to "http://localhost:5000/success"
2025-12-18T08:51:35.4279005Z     ============================================================
2025-12-18T08:51:35.4279516Z 
2025-12-18T08:51:35.4279817Z       48 |     await page.click('[data-testid="button-submit"]');
2025-12-18T08:51:35.4280315Z       49 |     
2025-12-18T08:51:35.4280856Z     > 50 |     await page.waitForURL('**/poll-success**', { timeout: 30000 });
2025-12-18T08:51:35.4281413Z          |                ^
2025-12-18T08:51:35.4281751Z       51 |     
2025-12-18T08:51:35.4282396Z       52 |     await expect(page.locator('text=erfolgreich')).toBeVisible({ timeout: 10000 });
2025-12-18T08:51:35.4283057Z       53 |     
2025-12-18T08:51:35.4283538Z         at /home/runner/work/polly/polly/e2e/voting.spec.ts:50:16
2025-12-18T08:51:35.4283953Z 
2025-12-18T08:51:35.4284659Z     attachment #1: screenshot (image/png) â”€â”€â”€â”€â”€â”€â”€â”€â”€â”€â”€â”€â”€â”€â”€â”€â”€â”€â”€â”€â”€â”€â”€â”€â”€â”€â”€â”€â”€â”€â”€â”€â”€â”€â”€â”€â”€â”€â”€â”€â”€â”€â”€â”€â”€â”€â”€â”€â”€â”€â”€â”€â”€â”€â”€â”€â”€â”€
2025-12-18T08:51:35.4286086Z     test-results/voting-Abstimmung-sollte-zur-Admin-Ansicht-navigieren-kÃ¶nnen-chromium-retry1/test-failed-1.png
2025-12-18T08:51:35.4287433Z     â”€â”€â”€â”€â”€â”€â”€â”€â”€â”€â”€â”€â”€â”€â”€â”€â”€â”€â”€â”€â”€â”€â”€â”€â”€â”€â”€â”€â”€â”€â”€â”€â”€â”€â”€â”€â”€â”€â”€â”€â”€â”€â”€â”€â”€â”€â”€â”€â”€â”€â”€â”€â”€â”€â”€â”€â”€â”€â”€â”€â”€â”€â”€â”€â”€â”€â”€â”€â”€â”€â”€â”€â”€â”€â”€â”€â”€â”€â”€â”€â”€â”€â”€â”€â”€â”€â”€â”€â”€â”€â”€â”€â”€â”€â”€â”€
2025-12-18T08:51:35.4287819Z 
2025-12-18T08:51:35.4288857Z     Error Context: test-results/voting-Abstimmung-sollte-zur-Admin-Ansicht-navigieren-kÃ¶nnen-chromium-retry1/error-context.md
2025-12-18T08:51:35.4289939Z 
2025-12-18T08:51:35.4290622Z     attachment #3: trace (application/zip) â”€â”€â”€â”€â”€â”€â”€â”€â”€â”€â”€â”€â”€â”€â”€â”€â”€â”€â”€â”€â”€â”€â”€â”€â”€â”€â”€â”€â”€â”€â”€â”€â”€â”€â”€â”€â”€â”€â”€â”€â”€â”€â”€â”€â”€â”€â”€â”€â”€â”€â”€â”€â”€â”€â”€â”€â”€
2025-12-18T08:51:35.4292004Z     test-results/voting-Abstimmung-sollte-zur-Admin-Ansicht-navigieren-kÃ¶nnen-chromium-retry1/trace.zip
2025-12-18T08:51:35.4292905Z     Usage:
2025-12-18T08:51:35.4293081Z 
2025-12-18T08:51:35.4294390Z         npx playwright show-trace test-results/voting-Abstimmung-sollte-zur-Admin-Ansicht-navigieren-kÃ¶nnen-chromium-retry1/trace.zip
2025-12-18T08:51:35.4295302Z 
2025-12-18T08:51:35.4295841Z     â”€â”€â”€â”€â”€â”€â”€â”€â”€â”€â”€â”€â”€â”€â”€â”€â”€â”€â”€â”€â”€â”€â”€â”€â”€â”€â”€â”€â”€â”€â”€â”€â”€â”€â”€â”€â”€â”€â”€â”€â”€â”€â”€â”€â”€â”€â”€â”€â”€â”€â”€â”€â”€â”€â”€â”€â”€â”€â”€â”€â”€â”€â”€â”€â”€â”€â”€â”€â”€â”€â”€â”€â”€â”€â”€â”€â”€â”€â”€â”€â”€â”€â”€â”€â”€â”€â”€â”€â”€â”€â”€â”€â”€â”€â”€â”€
2025-12-18T08:51:35.4296224Z 
2025-12-18T08:51:35.4296791Z     Retry #2 â”€â”€â”€â”€â”€â”€â”€â”€â”€â”€â”€â”€â”€â”€â”€â”€â”€â”€â”€â”€â”€â”€â”€â”€â”€â”€â”€â”€â”€â”€â”€â”€â”€â”€â”€â”€â”€â”€â”€â”€â”€â”€â”€â”€â”€â”€â”€â”€â”€â”€â”€â”€â”€â”€â”€â”€â”€â”€â”€â”€â”€â”€â”€â”€â”€â”€â”€â”€â”€â”€â”€â”€â”€â”€â”€â”€â”€â”€â”€â”€â”€â”€â”€â”€â”€â”€â”€
2025-12-18T08:51:35.4297197Z 
2025-12-18T08:51:35.4297505Z     [31mTest timeout of 30000ms exceeded.[39m
2025-12-18T08:51:35.4297819Z 
2025-12-18T08:51:35.4298140Z     Error: page.waitForURL: Test timeout of 30000ms exceeded.
2025-12-18T08:51:35.4298752Z     =========================== logs ===========================
2025-12-18T08:51:35.4299552Z     waiting for navigation to "**/poll-success**" until "load"
2025-12-18T08:51:35.4300428Z       navigated to "http://localhost:5000/success"
2025-12-18T08:51:35.4300995Z     ============================================================
2025-12-18T08:51:35.4301321Z 
2025-12-18T08:51:35.4301632Z       48 |     await page.click('[data-testid="button-submit"]');
2025-12-18T08:51:35.4302125Z       49 |     
2025-12-18T08:51:35.4302665Z     > 50 |     await page.waitForURL('**/poll-success**', { timeout: 30000 });
2025-12-18T08:51:35.4303225Z          |                ^
2025-12-18T08:51:35.4303555Z       51 |     
2025-12-18T08:51:35.4304177Z       52 |     await expect(page.locator('text=erfolgreich')).toBeVisible({ timeout: 10000 });
2025-12-18T08:51:35.4304803Z       53 |     
2025-12-18T08:51:35.4305301Z         at /home/runner/work/polly/polly/e2e/voting.spec.ts:50:16
2025-12-18T08:51:35.4305705Z 
2025-12-18T08:51:35.4306411Z     attachment #1: screenshot (image/png) â”€â”€â”€â”€â”€â”€â”€â”€â”€â”€â”€â”€â”€â”€â”€â”€â”€â”€â”€â”€â”€â”€â”€â”€â”€â”€â”€â”€â”€â”€â”€â”€â”€â”€â”€â”€â”€â”€â”€â”€â”€â”€â”€â”€â”€â”€â”€â”€â”€â”€â”€â”€â”€â”€â”€â”€â”€â”€
2025-12-18T08:51:35.4307880Z     test-results/voting-Abstimmung-sollte-zur-Admin-Ansicht-navigieren-kÃ¶nnen-chromium-retry2/test-failed-1.png
2025-12-18T08:51:35.4309434Z     â”€â”€â”€â”€â”€â”€â”€â”€â”€â”€â”€â”€â”€â”€â”€â”€â”€â”€â”€â”€â”€â”€â”€â”€â”€â”€â”€â”€â”€â”€â”€â”€â”€â”€â”€â”€â”€â”€â”€â”€â”€â”€â”€â”€â”€â”€â”€â”€â”€â”€â”€â”€â”€â”€â”€â”€â”€â”€â”€â”€â”€â”€â”€â”€â”€â”€â”€â”€â”€â”€â”€â”€â”€â”€â”€â”€â”€â”€â”€â”€â”€â”€â”€â”€â”€â”€â”€â”€â”€â”€â”€â”€â”€â”€â”€â”€
2025-12-18T08:51:35.4309851Z 
2025-12-18T08:51:35.4310949Z     Error Context: test-results/voting-Abstimmung-sollte-zur-Admin-Ansicht-navigieren-kÃ¶nnen-chromium-retry2/error-context.md
2025-12-18T08:51:35.4311827Z 
2025-12-18T08:51:35.4311951Z   5 failed
2025-12-18T08:51:35.4312812Z     [chromium] â€º e2e/navigation.spec.ts:33:3 â€º Navigation â€º sollte Login-Seite anzeigen kÃ¶nnen â”€â”€â”€â”€â”€
2025-12-18T08:51:35.4314163Z     [chromium] â€º e2e/poll-creation.spec.ts:5:3 â€º Umfrage erstellen â€º sollte eine Terminumfrage erstellen kÃ¶nnen 
2025-12-18T08:51:35.4315559Z     [chromium] â€º e2e/poll-creation.spec.ts:58:3 â€º Umfrage erstellen â€º sollte eine Umfrage erstellen kÃ¶nnen 
2025-12-18T08:51:35.4316974Z     [chromium] â€º e2e/voting.spec.ts:5:3 â€º Abstimmung â€º sollte eine Umfrage erstellen und zur Abstimmung navigieren 
2025-12-18T08:51:35.4318334Z     [chromium] â€º e2e/voting.spec.ts:34:3 â€º Abstimmung â€º sollte zur Admin-Ansicht navigieren kÃ¶nnen â”€
2025-12-18T08:51:35.4319059Z   3 passed (6.9m)
2025-12-18T08:51:35.4734104Z ##[error]Process completed with exit code 1.
2025-12-18T08:51:35.4807783Z ##[group]Run actions/upload-artifact@v4
2025-12-18T08:51:35.4808059Z with:
2025-12-18T08:51:35.4808238Z   name: playwright-report
2025-12-18T08:51:35.4808462Z   path: playwright-report/
2025-12-18T08:51:35.4808680Z   retention-days: 7
2025-12-18T08:51:35.4808868Z   if-no-files-found: warn
2025-12-18T08:51:35.4809068Z   compression-level: 6
2025-12-18T08:51:35.4809508Z   overwrite: false
2025-12-18T08:51:35.4809720Z   include-hidden-files: false
2025-12-18T08:51:35.4809926Z env:
2025-12-18T08:51:35.4810073Z   NODE_VERSION: 20
2025-12-18T08:51:35.4810238Z   CI: true
2025-12-18T08:51:35.4810394Z ##[endgroup]
2025-12-18T08:51:35.7090802Z With the provided path, there will be 48 files uploaded
2025-12-18T08:51:35.7096627Z Artifact name is valid!
2025-12-18T08:51:35.7097723Z Root directory input is valid!
2025-12-18T08:51:35.9945233Z Beginning upload of artifact content to blob storage
2025-12-18T08:51:37.3379676Z Uploaded bytes 6837768
2025-12-18T08:51:37.4194929Z Finished uploading artifact content to blob storage!
2025-12-18T08:51:37.4198453Z SHA256 digest of uploaded artifact zip is 6f374a0d18e97dcdcb06d820a962df8de1d044fa37730aca7018b22603d21e86
2025-12-18T08:51:37.4199937Z Finalizing artifact upload
2025-12-18T08:51:37.5840917Z Artifact playwright-report.zip successfully finalized. Artifact ID 4909276252
2025-12-18T08:51:37.5841966Z Artifact playwright-report has been successfully uploaded! Final size is 6837768 bytes. Artifact ID is 4909276252
2025-12-18T08:51:37.5848854Z Artifact download URL: https://github.com/manfredsteger/polly/actions/runs/20331047265/artifacts/4909276252
2025-12-18T08:51:37.6002474Z Post job cleanup.
2025-12-18T08:51:37.6955507Z [command]/usr/bin/git version
2025-12-18T08:51:37.6992251Z git version 2.52.0
2025-12-18T08:51:37.7038435Z Temporarily overriding HOME='/home/runner/work/_temp/58fbe2fa-1d0b-457d-9e21-acf70bf047b7' before making global git config changes
2025-12-18T08:51:37.7040135Z Adding repository directory to the temporary git global config as a safe directory
2025-12-18T08:51:37.7053129Z [command]/usr/bin/git config --global --add safe.directory /home/runner/work/polly/polly
2025-12-18T08:51:37.7092860Z [command]/usr/bin/git config --local --name-only --get-regexp core\.sshCommand
2025-12-18T08:51:37.7126369Z [command]/usr/bin/git submodule foreach --recursive sh -c "git config --local --name-only --get-regexp 'core\.sshCommand' && git config --local --unset-all 'core.sshCommand' || :"
2025-12-18T08:51:37.7359007Z [command]/usr/bin/git config --local --name-only --get-regexp http\.https\:\/\/github\.com\/\.extraheader
2025-12-18T08:51:37.7381329Z http.https://github.com/.extraheader
2025-12-18T08:51:37.7394144Z [command]/usr/bin/git config --local --unset-all http.https://github.com/.extraheader
2025-12-18T08:51:37.7425079Z [command]/usr/bin/git submodule foreach --recursive sh -c "git config --local --name-only --get-regexp 'http\.https\:\/\/github\.com\/\.extraheader' && git config --local --unset-all 'http.https://github.com/.extraheader' || :"
2025-12-18T08:51:37.7649934Z [command]/usr/bin/git config --local --name-only --get-regexp ^includeIf\.gitdir:
2025-12-18T08:51:37.7682604Z [command]/usr/bin/git submodule foreach --recursive git config --local --show-origin --name-only --get-regexp remote.origin.url
2025-12-18T08:51:37.8001608Z Print service container logs: 88bbf198ee1c4510ba99a85ecd5d2515_postgres15_2c2359
2025-12-18T08:51:37.8006385Z ##[command]/usr/bin/docker logs --details 79735ba579ad87a355caf6a9314ba741b2d111002ca2138c163583b8e4828c3b
2025-12-18T08:51:37.8133160Z  initdb: warning: enabling "trust" authentication for local connections
2025-12-18T08:51:37.8134013Z  The files belonging to this database system will be owned by user "postgres".
2025-12-18T08:51:37.8135201Z  initdb: hint: You can change this by editing pg_hba.conf or using the option -A, or --auth-local and --auth-host, the next time you run initdb.
2025-12-18T08:51:37.8136643Z  2025-12-18 08:43:43.089 UTC [1] LOG:  starting PostgreSQL 15.15 (Debian 15.15-1.pgdg13+1) on x86_64-pc-linux-gnu, compiled by gcc (Debian 14.2.0-19) 14.2.0, 64-bit
2025-12-18T08:51:37.8137720Z  2025-12-18 08:43:43.089 UTC [1] LOG:  listening on IPv4 address "0.0.0.0", port 5432
2025-12-18T08:51:37.8138480Z  2025-12-18 08:43:43.089 UTC [1] LOG:  listening on IPv6 address "::", port 5432
2025-12-18T08:51:37.8139406Z  2025-12-18 08:43:43.090 UTC [1] LOG:  listening on Unix socket "/var/run/postgresql/.s.PGSQL.5432"
2025-12-18T08:51:37.8140245Z  2025-12-18 08:43:43.094 UTC [64] LOG:  database system was shut down at 2025-12-18 08:43:42 UTC
2025-12-18T08:51:37.8141006Z  2025-12-18 08:43:43.098 UTC [1] LOG:  database system is ready to accept connections
2025-12-18T08:51:37.8141667Z  2025-12-18 08:43:52.216 UTC [75] FATAL:  role "root" does not exist
2025-12-18T08:51:37.8142227Z  2025-12-18 08:44:02.305 UTC [83] FATAL:  role "root" does not exist
2025-12-18T08:51:37.8142755Z  2025-12-18 08:44:12.388 UTC [91] FATAL:  role "root" does not exist
2025-12-18T08:51:37.8143291Z  2025-12-18 08:44:22.458 UTC [100] FATAL:  role "root" does not exist
2025-12-18T08:51:37.8143878Z  2025-12-18 08:44:32.522 UTC [108] FATAL:  role "root" does not exist
2025-12-18T08:51:37.8144459Z  2025-12-18 08:44:42.591 UTC [117] FATAL:  role "root" does not exist
2025-12-18T08:51:37.8145025Z  2025-12-18 08:44:52.656 UTC [129] FATAL:  role "root" does not exist
2025-12-18T08:51:37.8145585Z  2025-12-18 08:45:02.720 UTC [140] FATAL:  role "root" does not exist
2025-12-18T08:51:37.8146157Z  2025-12-18 08:45:12.782 UTC [148] FATAL:  role "root" does not exist
2025-12-18T08:51:37.8146720Z  2025-12-18 08:45:22.845 UTC [160] FATAL:  role "root" does not exist
2025-12-18T08:51:37.8147335Z  2025-12-18 08:45:32.907 UTC [171] FATAL:  role "root" does not exist
2025-12-18T08:51:37.8147927Z  2025-12-18 08:45:42.969 UTC [180] FATAL:  role "root" does not exist
2025-12-18T08:51:37.8148857Z  2025-12-18 08:45:53.037 UTC [188] FATAL:  role "root" does not exist
2025-12-18T08:51:37.8149572Z  2025-12-18 08:46:03.103 UTC [200] FATAL:  role "root" does not exist
2025-12-18T08:51:37.8150100Z  2025-12-18 08:46:13.172 UTC [208] FATAL:  role "root" does not exist
2025-12-18T08:51:37.8150625Z  2025-12-18 08:46:23.234 UTC [217] FATAL:  role "root" does not exist
2025-12-18T08:51:37.8151219Z  2025-12-18 08:46:33.297 UTC [229] FATAL:  role "root" does not exist
2025-12-18T08:51:37.8151800Z  2025-12-18 08:46:43.358 UTC [237] FATAL:  role "root" does not exist
2025-12-18T08:51:37.8152383Z  2025-12-18 08:46:53.424 UTC [246] FATAL:  role "root" does not exist
2025-12-18T08:51:37.8152941Z  2025-12-18 08:47:03.487 UTC [257] FATAL:  role "root" does not exist
2025-12-18T08:51:37.8153761Z  2025-12-18 08:47:13.555 UTC [266] FATAL:  role "root" does not exist
2025-12-18T08:51:37.8154333Z  2025-12-18 08:47:23.618 UTC [274] FATAL:  role "root" does not exist
2025-12-18T08:51:37.8154901Z  2025-12-18 08:47:33.680 UTC [286] FATAL:  role "root" does not exist
2025-12-18T08:51:37.8155266Z  2025-12-18 08:47:43.741 UTC [294] FATAL:  role "root" does not exist
2025-12-18T08:51:37.8155609Z  2025-12-18 08:47:53.805 UTC [303] FATAL:  role "root" does not exist
2025-12-18T08:51:37.8155942Z  2025-12-18 08:48:03.866 UTC [314] FATAL:  role "root" does not exist
2025-12-18T08:51:37.8156267Z  2025-12-18 08:48:13.930 UTC [323] FATAL:  role "root" does not exist
2025-12-18T08:51:37.8156853Z  2025-12-18 08:48:23.994 UTC [331] FATAL:  role "root" does not exist
2025-12-18T08:51:37.8157199Z  2025-12-18 08:48:34.058 UTC [343] FATAL:  role "root" does not exist
2025-12-18T08:51:37.8157551Z  2025-12-18 08:48:43.149 UTC [62] LOG:  checkpoint starting: time
2025-12-18T08:51:37.8157895Z  2025-12-18 08:48:44.124 UTC [351] FATAL:  role "root" does not exist
2025-12-18T08:51:37.8158222Z  2025-12-18 08:48:54.190 UTC [360] FATAL:  role "root" does not exist
2025-12-18T08:51:37.8159026Z  2025-12-18 08:48:59.489 UTC [62] LOG:  checkpoint complete: wrote 166 buffers (1.0%); 0 WAL file(s) added, 0 removed, 0 recycled; write=16.336 s, sync=0.002 s, total=16.341 s; sync files=120, longest=0.001 s, average=0.001 s; distance=812 kB, estimate=812 kB
2025-12-18T08:51:37.8160122Z  2025-12-18 08:49:04.252 UTC [371] FATAL:  role "root" does not exist
2025-12-18T08:51:37.8160461Z  2025-12-18 08:49:14.316 UTC [380] FATAL:  role "root" does not exist
2025-12-18T08:51:37.8160818Z  2025-12-18 08:49:24.379 UTC [388] FATAL:  role "root" does not exist
2025-12-18T08:51:37.8161153Z  2025-12-18 08:49:34.444 UTC [400] FATAL:  role "root" does not exist
2025-12-18T08:51:37.8161484Z  2025-12-18 08:49:44.507 UTC [408] FATAL:  role "root" does not exist
2025-12-18T08:51:37.8161806Z  2025-12-18 08:49:54.569 UTC [417] FATAL:  role "root" does not exist
2025-12-18T08:51:37.8162134Z  2025-12-18 08:50:04.643 UTC [428] FATAL:  role "root" does not exist
2025-12-18T08:51:37.8162462Z  2025-12-18 08:50:14.704 UTC [437] FATAL:  role "root" does not exist
2025-12-18T08:51:37.8162795Z  2025-12-18 08:50:24.767 UTC [445] FATAL:  role "root" does not exist
2025-12-18T08:51:37.8163120Z  2025-12-18 08:50:34.840 UTC [454] FATAL:  role "root" does not exist
2025-12-18T08:51:37.8163445Z  2025-12-18 08:50:44.902 UTC [465] FATAL:  role "root" does not exist
2025-12-18T08:51:37.8163772Z  2025-12-18 08:50:54.970 UTC [474] FATAL:  role "root" does not exist
2025-12-18T08:51:37.8164100Z  2025-12-18 08:51:05.045 UTC [482] FATAL:  role "root" does not exist
2025-12-18T08:51:37.8164423Z  2025-12-18 08:51:15.110 UTC [494] FATAL:  role "root" does not exist
2025-12-18T08:51:37.8164748Z  2025-12-18 08:51:25.172 UTC [502] FATAL:  role "root" does not exist
2025-12-18T08:51:37.8165072Z  2025-12-18 08:51:35.249 UTC [511] FATAL:  role "root" does not exist
2025-12-18T08:51:37.8165387Z  This user must also own the server process.
2025-12-18T08:51:37.8165634Z  
2025-12-18T08:51:37.8165888Z  The database cluster will be initialized with locale "en_US.utf8".
2025-12-18T08:51:37.8166453Z  The default database encoding has accordingly been set to "UTF8".
2025-12-18T08:51:37.8166843Z  The default text search configuration will be set to "english".
2025-12-18T08:51:37.8167138Z  
2025-12-18T08:51:37.8167310Z  Data page checksums are disabled.
2025-12-18T08:51:37.8167531Z  
2025-12-18T08:51:37.8167801Z  fixing permissions on existing directory /var/lib/postgresql/data ... ok
2025-12-18T08:51:37.8168165Z  creating subdirectories ... ok
2025-12-18T08:51:37.8168455Z  selecting dynamic shared memory implementation ... posix
2025-12-18T08:51:37.8168770Z  selecting default max_connections ... 100
2025-12-18T08:51:37.8169037Z  selecting default shared_buffers ... 128MB
2025-12-18T08:51:37.8169498Z  selecting default time zone ... Etc/UTC
2025-12-18T08:51:37.8169761Z  creating configuration files ... ok
2025-12-18T08:51:37.8170010Z  running bootstrap script ... ok
2025-12-18T08:51:37.8170277Z  performing post-bootstrap initialization ... ok
2025-12-18T08:51:37.8170556Z  syncing data to disk ... ok
2025-12-18T08:51:37.8170755Z  
2025-12-18T08:51:37.8170893Z  
2025-12-18T08:51:37.8171094Z  Success. You can now start the database server using:
2025-12-18T08:51:37.8171362Z  
2025-12-18T08:51:37.8171565Z      pg_ctl -D /var/lib/postgresql/data -l logfile start
2025-12-18T08:51:37.8171823Z  
2025-12-18T08:51:37.8172498Z  waiting for server to start....2025-12-18 08:43:42.782 UTC [48] LOG:  starting PostgreSQL 15.15 (Debian 15.15-1.pgdg13+1) on x86_64-pc-linux-gnu, compiled by gcc (Debian 14.2.0-19) 14.2.0, 64-bit
2025-12-18T08:51:37.8173245Z  2025-12-18 08:43:42.783 UTC [48] LOG:  listening on Unix socket "/var/run/postgresql/.s.PGSQL.5432"
2025-12-18T08:51:37.8173726Z  2025-12-18 08:43:42.787 UTC [51] LOG:  database system was shut down at 2025-12-18 08:43:42 UTC
2025-12-18T08:51:37.8174164Z  2025-12-18 08:43:42.791 UTC [48] LOG:  database system is ready to accept connections
2025-12-18T08:51:37.8174484Z   done
2025-12-18T08:51:37.8174639Z  server started
2025-12-18T08:51:37.8174816Z  CREATE DATABASE
2025-12-18T08:51:37.8174983Z  
2025-12-18T08:51:37.8175125Z  
2025-12-18T08:51:37.8175412Z  /usr/local/bin/docker-entrypoint.sh: ignoring /docker-entrypoint-initdb.d/*
2025-12-18T08:51:37.8175763Z  
2025-12-18T08:51:37.8176067Z  waiting for server to shut down...2025-12-18 08:43:42.969 UTC [48] LOG:  received fast shutdown request
2025-12-18T08:51:37.8176523Z  .2025-12-18 08:43:42.970 UTC [48] LOG:  aborting any active transactions
2025-12-18T08:51:37.8177039Z  2025-12-18 08:43:42.973 UTC [48] LOG:  background worker "logical replication launcher" (PID 54) exited with exit code 1
2025-12-18T08:51:37.8177497Z  2025-12-18 08:43:42.973 UTC [49] LOG:  shutting down
2025-12-18T08:51:37.8177831Z  2025-12-18 08:43:42.974 UTC [49] LOG:  checkpoint starting: shutdown immediate
2025-12-18T08:51:37.8178630Z  2025-12-18 08:43:42.992 UTC [49] LOG:  checkpoint complete: wrote 922 buffers (5.6%); 0 WAL file(s) added, 0 removed, 0 recycled; write=0.014 s, sync=0.003 s, total=0.020 s; sync files=301, longest=0.001 s, average=0.001 s; distance=4239 kB, estimate=4239 kB
2025-12-18T08:51:37.8179761Z  2025-12-18 08:43:42.999 UTC [48] LOG:  database system is shut down
2025-12-18T08:51:37.8180053Z   done
2025-12-18T08:51:37.8180211Z  server stopped
2025-12-18T08:51:37.8180380Z  
2025-12-18T08:51:37.8180582Z  PostgreSQL init process complete; ready for start up.
2025-12-18T08:51:37.8180849Z  
2025-12-18T08:51:37.8187214Z Stop and remove container: 88bbf198ee1c4510ba99a85ecd5d2515_postgres15_2c2359
2025-12-18T08:51:37.8192377Z ##[command]/usr/bin/docker rm --force 79735ba579ad87a355caf6a9314ba741b2d111002ca2138c163583b8e4828c3b
2025-12-18T08:51:37.9453622Z 79735ba579ad87a355caf6a9314ba741b2d111002ca2138c163583b8e4828c3b
2025-12-18T08:51:37.9483194Z Remove container network: github_network_b9a26a67f50349228796072c33857971
2025-12-18T08:51:37.9487352Z ##[command]/usr/bin/docker network rm github_network_b9a26a67f50349228796072c33857971
2025-12-18T08:51:38.0447438Z github_network_b9a26a67f50349228796072c33857971
2025-12-18T08:51:38.0506941Z Cleaning up orphan processes